2026-05-20 11:53:29 | DEBUG | P02 | No variables found in .env
2026-05-20 11:53:29 | INFO | P02 | === RUN START ===
2026-05-20 11:53:29 | INFO | P02 | project=P02
2026-05-20 11:53:29 | INFO | P02 | repo_dir=streaming-02-kafka
2026-05-20 11:53:29 | INFO | P02 | python=3.14.2
2026-05-20 11:53:29 | INFO | P02 | os=Windows 11
2026-05-20 11:53:29 | INFO | P02 | shell=powershell
2026-05-20 11:53:29 | INFO | P02 | cwd=.
2026-05-20 11:53:29 | INFO | P02 | github_actions=False
2026-05-20 11:53:29 | INFO | P02 | ========================
2026-05-20 11:53:29 | INFO | P02 | START producer main()
2026-05-20 11:53:29 | INFO | P02 | ========================
2026-05-20 11:53:29 | INFO | P02 | ROOT_DIR = .
2026-05-20 11:53:29 | INFO | P02 | DATA_DIR = data
2026-05-20 11:53:29 | INFO | P02 | SALES_CSV = data\sales.csv
2026-05-20 11:53:29 | INFO | P02 | ========================
2026-05-20 11:53:29 | INFO | P02 | SECTION A. Acquire
2026-05-20 11:53:29 | INFO | P02 | ========================
2026-05-20 11:53:29 | INFO | P02 | Loading settings from .env...
2026-05-20 11:53:29 | INFO | P02 | KAFKA_BOOTSTRAP_SERVERS           = localhost:9092
2026-05-20 11:53:29 | INFO | P02 | KAFKA_TOPIC                       = product-sales-case
2026-05-20 11:53:29 | INFO | P02 | PRODUCER_MESSAGE_COUNT            = 6
2026-05-20 11:53:29 | INFO | P02 | PRODUCER_MESSAGE_INTERVAL_SECONDS = 2.0
2026-05-20 11:53:29 | INFO | P02 | KAFKA_CLEAR_TOPIC_ON_START        = False
2026-05-20 11:53:29 | INFO | P02 | Verifying Kafka connection...
2026-05-20 11:53:30 | INFO | P02 | Kafka port is reachable.
2026-05-20 11:53:39 | INFO | P02 | ========================
2026-05-20 11:53:39 | INFO | P02 | SECTION P. Produce Messages
2026-05-20 11:53:39 | INFO | P02 | ========================
2026-05-20 11:53:39 | INFO | P02 | Sending messages...
2026-05-20 11:53:39 | INFO | P02 | Sending up to 6 message(s) to topic 'product-sales-case'.
2026-05-20 11:53:39 | INFO | P02 | Watch each sale arrive. Press CTRL+C to stop early.

2026-05-20 11:53:39 | INFO | P02 | {
  order_id: e7324981-a9f0-419f-b708-d0a333451fff
  datetime: 2026-05-04T08:11:00Z
  region_id: US-TX
  currency_code: USD
  product_id: PY-STREAM-005
  unit_price: 59.99
  quantity: 3
  is_online: true
  customer_id: CUST-4150
  is_new_customer: false
  device_type: tablet
  payment_method: paypal
  referral_source: paid_search
  discount_code: 
  customer_note: Gift for my team
}
2026-05-20 11:53:39 | INFO | P02 |   Sending message with key=US-TX
2026-05-20 11:53:43 | INFO | P02 |   MESSAGE SENT  sent=1
2026-05-20 11:53:45 | INFO | P02 | {
  order_id: d61943e0-f543-4b5f-9c9a-18605ea4cfe5
  datetime: 2026-05-04T08:23:00Z
  region_id: US-TX
  currency_code: USD
  product_id: PY-DATA-002
  unit_price: 49.99
  quantity: 1
  is_online: true
  customer_id: CUST-1106
  is_new_customer: false
  device_type: mobile
  payment_method: paypal
  referral_source: paid_search
  discount_code: 
  customer_note: Gift for my team
}
2026-05-20 11:53:45 | INFO | P02 |   Sending message with key=US-TX
2026-05-20 11:53:45 | INFO | P02 |   MESSAGE SENT  sent=2
2026-05-20 11:53:47 | INFO | P02 | {
  order_id: 14da1915-8e74-47be-9e10-f7275d31af46
  datetime: 2026-05-04T08:28:00Z
  region_id: CA-QC
  currency_code: CAD
  product_id: PY-NLP-006
  unit_price: 54.99
  quantity: 1
  is_online: true
  customer_id: CUST-2133
  is_new_customer: false
  device_type: desktop
  payment_method: paypal
  referral_source: organic
  discount_code: 
  customer_note: Learning at my own pace
}
2026-05-20 11:53:47 | INFO | P02 |   Sending message with key=CA-QC
2026-05-20 11:53:47 | INFO | P02 |   MESSAGE SENT  sent=3
2026-05-20 11:53:49 | INFO | P02 | {
  order_id: d77ed935-9b28-431d-bc25-0a3fd98f4154
  datetime: 2026-05-04T08:40:00Z
  region_id: US-CA
  currency_code: USD
  product_id: PY-STREAM-005
  unit_price: 59.99
  quantity: 1
  is_online: true
  customer_id: CUST-5333
  is_new_customer: false
  device_type: mobile
  payment_method: paypal
  referral_source: organic
  discount_code: 
  customer_note: Highly recommend
}
2026-05-20 11:53:49 | INFO | P02 |   Sending message with key=US-CA
2026-05-20 11:53:49 | INFO | P02 |   MESSAGE SENT  sent=4
2026-05-20 11:53:51 | INFO | P02 | {
  order_id: 24b91995-25f8-4ad7-8fa6-2e4c15750e5e
  datetime: 2026-05-04T08:41:00Z
  region_id: US-MO
  currency_code: USD
  product_id: PY-VIZ-003
  unit_price: 39.99
  quantity: 1
  is_online: true
  customer_id: CUST-8573
  is_new_customer: false
  device_type: mobile
  payment_method: apple_pay
  referral_source: paid_search
  discount_code: 
  customer_note: Learning at my own pace
}
2026-05-20 11:53:51 | INFO | P02 |   Sending message with key=US-MO
2026-05-20 11:53:51 | INFO | P02 |   MESSAGE SENT  sent=5
2026-05-20 11:53:53 | INFO | P02 | {
  order_id: 1ec0fc8b-998c-4f43-8a66-19e1fa7d5fa8
  datetime: 2026-05-04T08:54:00Z
  region_id: CA-ON
  currency_code: CAD
  product_id: PY-SQL-004
  unit_price: 44.99
  quantity: 1
  is_online: true
  customer_id: CUST-8062
  is_new_customer: false
  device_type: tablet
  payment_method: paypal
  referral_source: organic
  discount_code: 
  customer_note: 
}
2026-05-20 11:53:53 | INFO | P02 |   Sending message with key=CA-ON
2026-05-20 11:53:53 | INFO | P02 |   MESSAGE SENT  sent=6
2026-05-20 11:53:55 | INFO | P02 | ========================
2026-05-20 11:53:55 | INFO | P02 | SECTION E. Exit
2026-05-20 11:53:55 | INFO | P02 | ========================
2026-05-20 11:53:55 | INFO | P02 | Summary:
2026-05-20 11:53:55 | INFO | P02 | Sent 6 message(s) to topic 'product-sales-case'.
2026-05-20 11:53:55 | INFO | P02 | ========================
2026-05-20 11:53:55 | INFO | P02 | Producer executed successfully!
2026-05-20 11:53:55 | INFO | P02 | ========================
2026-05-20 11:57:02 | DEBUG | C02 | No variables found in .env
2026-05-20 11:57:02 | DEBUG | P02 | No variables found in .env
2026-05-20 11:57:02 | INFO | C02 | Processing raw message.
2026-05-20 13:02:21 | DEBUG | C02 | No variables found in .env
2026-05-20 13:02:21 | INFO | C02 | === RUN START ===
2026-05-20 13:02:21 | INFO | C02 | project=C02
2026-05-20 13:02:21 | INFO | C02 | repo_dir=streaming-02-kafka
2026-05-20 13:02:21 | INFO | C02 | python=3.14.2
2026-05-20 13:02:21 | INFO | C02 | os=Windows 11
2026-05-20 13:02:21 | INFO | C02 | shell=powershell
2026-05-20 13:02:21 | INFO | C02 | cwd=.
2026-05-20 13:02:21 | INFO | C02 | github_actions=False
2026-05-20 13:02:21 | INFO | C02 | ========================
2026-05-20 13:02:21 | INFO | C02 | START consumer main()
2026-05-20 13:02:21 | INFO | C02 | ========================
2026-05-20 13:02:21 | INFO | C02 | ROOT_DIR = .
2026-05-20 13:02:21 | INFO | C02 | DATA_DIR = data
2026-05-20 13:02:21 | INFO | C02 | OUTPUT_CSV = data\output\consumed_sales.csv
2026-05-20 13:02:21 | INFO | C02 | ========================
2026-05-20 13:02:21 | INFO | C02 | SECTION A. Acquire
2026-05-20 13:02:21 | INFO | C02 | ========================
2026-05-20 13:02:21 | INFO | C02 | Loading settings from .env...
2026-05-20 13:02:21 | INFO | C02 | KAFKA_BOOTSTRAP_SERVERS  = localhost:9092
2026-05-20 13:02:21 | INFO | C02 | KAFKA_TOPIC              = product-sales-case
2026-05-20 13:02:21 | INFO | C02 | KAFKA_GROUP_ID           = streaming-consumer-group-A
2026-05-20 13:02:21 | INFO | C02 | CONSUMER_TIMEOUT_SECONDS = 10.0
2026-05-20 13:02:21 | INFO | C02 | CONSUMER_MAX_MESSAGES    = 1000
2026-05-20 13:02:21 | INFO | C02 | Verifying Kafka connection...
2026-05-20 13:02:21 | INFO | C02 | Kafka port is reachable.
2026-05-20 13:02:21 | INFO | C02 | Verifying Kafka topic...
2026-05-20 13:02:21 | INFO | C02 | Topic 'product-sales-case' exists.
2026-05-20 13:02:21 | INFO | C02 | Found 6 message(s) available.
2026-05-20 13:02:21 | INFO | C02 | Creating Kafka consumer...
2026-05-20 13:02:21 | INFO | C02 | Subscribed to topic: 'product-sales-case' (reading from beginning)
2026-05-20 13:02:21 | INFO | C02 | ========================
2026-05-20 13:02:21 | INFO | C02 | SECTION C. Consume and Process Messages
2026-05-20 13:02:21 | INFO | C02 | ========================
2026-05-20 13:02:21 | INFO | C02 | Initializing output...
2026-05-20 13:02:21 | INFO | C02 | Output CSV cleared: consumed_sales.csv
2026-05-20 13:02:21 | INFO | C02 | Consuming messages...
2026-05-20 13:02:21 | INFO | C02 | Waiting for up to 1000 message(s).
2026-05-20 13:02:21 | INFO | C02 | Press CTRL+C to stop early.

2026-05-20 13:02:27 | INFO | C02 | {'currency_code': 'USD', 'customer_id': 'CUST-4150', 'customer_note': 'Gift for my team', 'datetime': '2026-05-04T08:11:00Z', 'device_type': 'tablet', 'discount_code': '', 'is_new_customer': 'false', 'is_online': 'true', 'order_id': 'e7324981-a9f0-419f-b708-d0a333451fff', 'payment_method': 'paypal', 'product_id': 'PY-STREAM-005', 'quantity': '3', 'referral_source': 'paid_search', 'region_id': 'US-TX', 'unit_price': '59.99', '_kafka_key': 'US-TX', '_kafka_partition': 0, '_kafka_offset': 0}
2026-05-20 13:02:27 | INFO | C02 | Processing raw message.
2026-05-20 13:02:27 | INFO | C02 | MESSAGE CONSUMED
2026-05-20 13:02:27 | INFO | C02 | consumed=1
2026-05-20 13:02:27 | INFO | C02 | {'currency_code': 'USD', 'customer_id': 'CUST-1106', 'customer_note': 'Gift for my team', 'datetime': '2026-05-04T08:23:00Z', 'device_type': 'mobile', 'discount_code': '', 'is_new_customer': 'false', 'is_online': 'true', 'order_id': 'd61943e0-f543-4b5f-9c9a-18605ea4cfe5', 'payment_method': 'paypal', 'product_id': 'PY-DATA-002', 'quantity': '1', 'referral_source': 'paid_search', 'region_id': 'US-TX', 'unit_price': '49.99', '_kafka_key': 'US-TX', '_kafka_partition': 0, '_kafka_offset': 1}
2026-05-20 13:02:27 | INFO | C02 | Processing raw message.
2026-05-20 13:02:27 | INFO | C02 | MESSAGE CONSUMED
2026-05-20 13:02:27 | INFO | C02 | consumed=2
2026-05-20 13:02:27 | INFO | C02 | {'currency_code': 'CAD', 'customer_id': 'CUST-2133', 'customer_note': 'Learning at my own pace', 'datetime': '2026-05-04T08:28:00Z', 'device_type': 'desktop', 'discount_code': '', 'is_new_customer': 'false', 'is_online': 'true', 'order_id': '14da1915-8e74-47be-9e10-f7275d31af46', 'payment_method': 'paypal', 'product_id': 'PY-NLP-006', 'quantity': '1', 'referral_source': 'organic', 'region_id': 'CA-QC', 'unit_price': '54.99', '_kafka_key': 'CA-QC', '_kafka_partition': 0, '_kafka_offset': 2}
2026-05-20 13:02:27 | INFO | C02 | Processing raw message.
2026-05-20 13:02:27 | INFO | C02 | MESSAGE CONSUMED
2026-05-20 13:02:27 | INFO | C02 | consumed=3
2026-05-20 13:02:27 | INFO | C02 | {'currency_code': 'USD', 'customer_id': 'CUST-5333', 'customer_note': 'Highly recommend', 'datetime': '2026-05-04T08:40:00Z', 'device_type': 'mobile', 'discount_code': '', 'is_new_customer': 'false', 'is_online': 'true', 'order_id': 'd77ed935-9b28-431d-bc25-0a3fd98f4154', 'payment_method': 'paypal', 'product_id': 'PY-STREAM-005', 'quantity': '1', 'referral_source': 'organic', 'region_id': 'US-CA', 'unit_price': '59.99', '_kafka_key': 'US-CA', '_kafka_partition': 0, '_kafka_offset': 3}
2026-05-20 13:02:27 | INFO | C02 | Processing raw message.
2026-05-20 13:02:27 | INFO | C02 | MESSAGE CONSUMED
2026-05-20 13:02:27 | INFO | C02 | consumed=4
2026-05-20 13:02:27 | INFO | C02 | {'currency_code': 'USD', 'customer_id': 'CUST-8573', 'customer_note': 'Learning at my own pace', 'datetime': '2026-05-04T08:41:00Z', 'device_type': 'mobile', 'discount_code': '', 'is_new_customer': 'false', 'is_online': 'true', 'order_id': '24b91995-25f8-4ad7-8fa6-2e4c15750e5e', 'payment_method': 'apple_pay', 'product_id': 'PY-VIZ-003', 'quantity': '1', 'referral_source': 'paid_search', 'region_id': 'US-MO', 'unit_price': '39.99', '_kafka_key': 'US-MO', '_kafka_partition': 0, '_kafka_offset': 4}
2026-05-20 13:02:27 | INFO | C02 | Processing raw message.
2026-05-20 13:02:27 | INFO | C02 | MESSAGE CONSUMED
2026-05-20 13:02:27 | INFO | C02 | consumed=5
2026-05-20 13:02:27 | INFO | C02 | {'currency_code': 'CAD', 'customer_id': 'CUST-8062', 'customer_note': '', 'datetime': '2026-05-04T08:54:00Z', 'device_type': 'tablet', 'discount_code': '', 'is_new_customer': 'false', 'is_online': 'true', 'order_id': '1ec0fc8b-998c-4f43-8a66-19e1fa7d5fa8', 'payment_method': 'paypal', 'product_id': 'PY-SQL-004', 'quantity': '1', 'referral_source': 'organic', 'region_id': 'CA-ON', 'unit_price': '44.99', '_kafka_key': 'CA-ON', '_kafka_partition': 0, '_kafka_offset': 5}
2026-05-20 13:02:27 | INFO | C02 | Processing raw message.
2026-05-20 13:02:27 | INFO | C02 | MESSAGE CONSUMED
2026-05-20 13:02:27 | INFO | C02 | consumed=6
2026-05-20 13:02:37 | INFO | C02 | No message received within 10.0s timeout.
2026-05-20 13:02:37 | INFO | C02 | Producer finished or paused. Stopping consumer.
2026-05-20 13:02:37 | INFO | C02 | Kafka consumer closed.
2026-05-20 13:02:37 | INFO | C02 | ========================
2026-05-20 13:02:37 | INFO | C02 | SECTION E. Exit
2026-05-20 13:02:37 | INFO | C02 | ========================
2026-05-20 13:02:37 | INFO | C02 | Summary:
2026-05-20 13:02:37 | INFO | C02 | Consumed 6 message(s) from topic 'product-sales-case'.
2026-05-20 13:02:37 | INFO | C02 | OUTPUT_CSV = data\output\consumed_sales.csv
2026-05-20 13:02:37 | INFO | C02 | ========================
2026-05-20 13:02:37 | INFO | C02 | Consumer executed successfully!
2026-05-20 13:02:37 | INFO | C02 | ========================
2026-05-21 13:52:10 | DEBUG | P02 | KAFKA_BOOTSTRAP_SERVERS           = localhost:9092
2026-05-21 13:52:10 | DEBUG | P02 | KAFKA_BROKER_ADDRESS_FAMILY       = v6
2026-05-21 13:52:10 | DEBUG | P02 | KAFKA_TOPIC                       = streaming-02-kafka-case
2026-05-21 13:52:10 | DEBUG | P02 | KAFKA_CLEAR_TOPIC_ON_START        = true
2026-05-21 13:52:10 | DEBUG | P02 | PRODUCER_MESSAGE_COUNT            = 3
2026-05-21 13:52:10 | DEBUG | P02 | PRODUCER_MESSAGE_INTERVAL_SECONDS = 2
2026-05-21 13:52:10 | DEBUG | P02 | PRODUCER_MAX_MESSAGES             = 50
2026-05-21 13:52:10 | DEBUG | P02 | PRODUCER_POLL_INTERVAL_SECONDS    = 15
2026-05-21 13:52:10 | DEBUG | P02 | KAFKA_GROUP_ID                    = streaming-consumer-group-A
2026-05-21 13:52:10 | DEBUG | P02 | KAFKA_AUTO_OFFSET_RESET           = earliest
2026-05-21 13:52:10 | DEBUG | P02 | CONSUMER_TIMEOUT_SECONDS          = 10
2026-05-21 13:52:10 | DEBUG | P02 | CONSUMER_MAX_MESSAGES             = 1000
2026-05-21 13:52:10 | INFO | P02 | === RUN START ===
2026-05-21 13:52:10 | INFO | P02 | project=P02
2026-05-21 13:52:10 | INFO | P02 | repo_dir=streaming-02-kafka
2026-05-21 13:52:10 | INFO | P02 | python=3.14.2
2026-05-21 13:52:10 | INFO | P02 | os=Windows 11
2026-05-21 13:52:10 | INFO | P02 | shell=powershell
2026-05-21 13:52:10 | INFO | P02 | cwd=.
2026-05-21 13:52:10 | INFO | P02 | github_actions=False
2026-05-21 13:52:10 | INFO | P02 | ========================
2026-05-21 13:52:10 | INFO | P02 | START producer main()
2026-05-21 13:52:10 | INFO | P02 | ========================
2026-05-21 13:52:10 | INFO | P02 | ROOT_DIR = .
2026-05-21 13:52:10 | INFO | P02 | DATA_DIR = data
2026-05-21 13:52:10 | INFO | P02 | SALES_CSV = data\sales.csv
2026-05-21 13:52:10 | INFO | P02 | ========================
2026-05-21 13:52:10 | INFO | P02 | SECTION A. Acquire
2026-05-21 13:52:10 | INFO | P02 | ========================
2026-05-21 13:52:10 | INFO | P02 | Loading settings from .env...
2026-05-21 13:52:10 | INFO | P02 | KAFKA_BOOTSTRAP_SERVERS           = localhost:9092
2026-05-21 13:52:10 | INFO | P02 | KAFKA_TOPIC                       = streaming-02-kafka-case
2026-05-21 13:52:10 | INFO | P02 | PRODUCER_MESSAGE_COUNT            = 3
2026-05-21 13:52:10 | INFO | P02 | PRODUCER_MESSAGE_INTERVAL_SECONDS = 2.0
2026-05-21 13:52:10 | INFO | P02 | KAFKA_CLEAR_TOPIC_ON_START        = True
2026-05-21 13:52:10 | INFO | P02 | Verifying Kafka connection...
2026-05-21 13:52:10 | INFO | P02 | Kafka port is reachable.
2026-05-21 13:52:15 | INFO | P02 | ========================
2026-05-21 13:52:15 | INFO | P02 | SECTION P. Produce Messages
2026-05-21 13:52:15 | INFO | P02 | ========================
2026-05-21 13:52:15 | INFO | P02 | Sending messages...
2026-05-21 13:52:15 | INFO | P02 | Sending up to 3 message(s) to topic 'streaming-02-kafka-case'.
2026-05-21 13:52:15 | INFO | P02 | Watch each sale arrive. Press CTRL+C to stop early.

2026-05-21 13:52:15 | INFO | P02 | {
  order_id: e7324981-a9f0-419f-b708-d0a333451fff
  datetime: 2026-05-04T08:11:00Z
  region_id: US-TX
  currency_code: USD
  product_id: PY-STREAM-005
  unit_price: 59.99
  quantity: 3
  is_online: true
  customer_id: CUST-4150
  is_new_customer: false
  device_type: tablet
  payment_method: paypal
  referral_source: paid_search
  discount_code: 
  customer_note: Gift for my team
}
2026-05-21 13:52:15 | INFO | P02 |   Sending message with key=US-TX
2026-05-21 13:52:15 | INFO | P02 |   MESSAGE SENT  sent=1
2026-05-21 13:52:17 | INFO | P02 | {
  order_id: d61943e0-f543-4b5f-9c9a-18605ea4cfe5
  datetime: 2026-05-04T08:23:00Z
  region_id: US-TX
  currency_code: USD
  product_id: PY-DATA-002
  unit_price: 49.99
  quantity: 1
  is_online: true
  customer_id: CUST-1106
  is_new_customer: false
  device_type: mobile
  payment_method: paypal
  referral_source: paid_search
  discount_code: 
  customer_note: Gift for my team
}
2026-05-21 13:52:17 | INFO | P02 |   Sending message with key=US-TX
2026-05-21 13:52:17 | INFO | P02 |   MESSAGE SENT  sent=2
2026-05-21 13:52:19 | INFO | P02 | {
  order_id: 14da1915-8e74-47be-9e10-f7275d31af46
  datetime: 2026-05-04T08:28:00Z
  region_id: CA-QC
  currency_code: CAD
  product_id: PY-NLP-006
  unit_price: 54.99
  quantity: 1
  is_online: true
  customer_id: CUST-2133
  is_new_customer: false
  device_type: desktop
  payment_method: paypal
  referral_source: organic
  discount_code: 
  customer_note: Learning at my own pace
}
2026-05-21 13:52:19 | INFO | P02 |   Sending message with key=CA-QC
2026-05-21 13:52:19 | INFO | P02 |   MESSAGE SENT  sent=3
2026-05-21 13:52:21 | INFO | P02 | ========================
2026-05-21 13:52:21 | INFO | P02 | SECTION E. Exit
2026-05-21 13:52:21 | INFO | P02 | ========================
2026-05-21 13:52:21 | INFO | P02 | Summary:
2026-05-21 13:52:21 | INFO | P02 | Sent 3 message(s) to topic 'streaming-02-kafka-case'.
2026-05-21 13:52:21 | INFO | P02 | ========================
2026-05-21 13:52:21 | INFO | P02 | Producer executed successfully!
2026-05-21 13:52:21 | INFO | P02 | ========================
2026-05-21 13:52:55 | DEBUG | C02 | KAFKA_BOOTSTRAP_SERVERS           = localhost:9092
2026-05-21 13:52:55 | DEBUG | C02 | KAFKA_BROKER_ADDRESS_FAMILY       = v6
2026-05-21 13:52:55 | DEBUG | C02 | KAFKA_TOPIC                       = streaming-02-kafka-case
2026-05-21 13:52:55 | DEBUG | C02 | KAFKA_CLEAR_TOPIC_ON_START        = true
2026-05-21 13:52:55 | DEBUG | C02 | PRODUCER_MESSAGE_COUNT            = 3
2026-05-21 13:52:55 | DEBUG | C02 | PRODUCER_MESSAGE_INTERVAL_SECONDS = 2
2026-05-21 13:52:55 | DEBUG | C02 | PRODUCER_MAX_MESSAGES             = 50
2026-05-21 13:52:55 | DEBUG | C02 | PRODUCER_POLL_INTERVAL_SECONDS    = 15
2026-05-21 13:52:55 | DEBUG | C02 | KAFKA_GROUP_ID                    = streaming-consumer-group-A
2026-05-21 13:52:55 | DEBUG | C02 | KAFKA_AUTO_OFFSET_RESET           = earliest
2026-05-21 13:52:55 | DEBUG | C02 | CONSUMER_TIMEOUT_SECONDS          = 10
2026-05-21 13:52:55 | DEBUG | C02 | CONSUMER_MAX_MESSAGES             = 1000
2026-05-21 13:52:55 | DEBUG | P02 | KAFKA_BOOTSTRAP_SERVERS           = localhost:9092
2026-05-21 13:52:55 | DEBUG | P02 | KAFKA_BROKER_ADDRESS_FAMILY       = v6
2026-05-21 13:52:55 | DEBUG | P02 | KAFKA_TOPIC                       = streaming-02-kafka-case
2026-05-21 13:52:55 | DEBUG | P02 | KAFKA_CLEAR_TOPIC_ON_START        = true
2026-05-21 13:52:55 | DEBUG | P02 | PRODUCER_MESSAGE_COUNT            = 3
2026-05-21 13:52:55 | DEBUG | P02 | PRODUCER_MESSAGE_INTERVAL_SECONDS = 2
2026-05-21 13:52:55 | DEBUG | P02 | PRODUCER_MAX_MESSAGES             = 50
2026-05-21 13:52:55 | DEBUG | P02 | PRODUCER_POLL_INTERVAL_SECONDS    = 15
2026-05-21 13:52:55 | DEBUG | P02 | KAFKA_GROUP_ID                    = streaming-consumer-group-A
2026-05-21 13:52:55 | DEBUG | P02 | KAFKA_AUTO_OFFSET_RESET           = earliest
2026-05-21 13:52:55 | DEBUG | P02 | CONSUMER_TIMEOUT_SECONDS          = 10
2026-05-21 13:52:55 | DEBUG | P02 | CONSUMER_MAX_MESSAGES             = 1000
2026-05-21 13:52:55 | INFO | C02 | Processing raw message.
2026-05-21 13:55:02 | DEBUG | C02 | KAFKA_BOOTSTRAP_SERVERS           = localhost:9092
2026-05-21 13:55:02 | DEBUG | C02 | KAFKA_BROKER_ADDRESS_FAMILY       = v6
2026-05-21 13:55:02 | DEBUG | C02 | KAFKA_TOPIC                       = streaming-02-kafka-case
2026-05-21 13:55:02 | DEBUG | C02 | KAFKA_CLEAR_TOPIC_ON_START        = true
2026-05-21 13:55:02 | DEBUG | C02 | PRODUCER_MESSAGE_COUNT            = 3
2026-05-21 13:55:02 | DEBUG | C02 | PRODUCER_MESSAGE_INTERVAL_SECONDS = 2
2026-05-21 13:55:02 | DEBUG | C02 | PRODUCER_MAX_MESSAGES             = 50
2026-05-21 13:55:02 | DEBUG | C02 | PRODUCER_POLL_INTERVAL_SECONDS    = 15
2026-05-21 13:55:02 | DEBUG | C02 | KAFKA_GROUP_ID                    = streaming-consumer-group-A
2026-05-21 13:55:02 | DEBUG | C02 | KAFKA_AUTO_OFFSET_RESET           = earliest
2026-05-21 13:55:02 | DEBUG | C02 | CONSUMER_TIMEOUT_SECONDS          = 10
2026-05-21 13:55:02 | DEBUG | C02 | CONSUMER_MAX_MESSAGES             = 1000
2026-05-21 13:55:02 | INFO | C02 | === RUN START ===
2026-05-21 13:55:02 | INFO | C02 | project=C02
2026-05-21 13:55:02 | INFO | C02 | repo_dir=streaming-02-kafka
2026-05-21 13:55:02 | INFO | C02 | python=3.14.2
2026-05-21 13:55:02 | INFO | C02 | os=Windows 11
2026-05-21 13:55:02 | INFO | C02 | shell=powershell
2026-05-21 13:55:02 | INFO | C02 | cwd=.
2026-05-21 13:55:02 | INFO | C02 | github_actions=False
2026-05-21 13:55:02 | INFO | C02 | ========================
2026-05-21 13:55:02 | INFO | C02 | START consumer main()
2026-05-21 13:55:02 | INFO | C02 | ========================
2026-05-21 13:55:02 | INFO | C02 | ROOT_DIR = .
2026-05-21 13:55:02 | INFO | C02 | DATA_DIR = data
2026-05-21 13:55:02 | INFO | C02 | OUTPUT_CSV = data\output\consumed_sales.csv
2026-05-21 13:55:02 | INFO | C02 | ========================
2026-05-21 13:55:02 | INFO | C02 | SECTION A. Acquire
2026-05-21 13:55:02 | INFO | C02 | ========================
2026-05-21 13:55:02 | INFO | C02 | Loading settings from .env...
2026-05-21 13:55:02 | INFO | C02 | KAFKA_BOOTSTRAP_SERVERS  = localhost:9092
2026-05-21 13:55:02 | INFO | C02 | KAFKA_TOPIC              = streaming-02-kafka-case
2026-05-21 13:55:02 | INFO | C02 | KAFKA_GROUP_ID           = streaming-consumer-group-A
2026-05-21 13:55:02 | INFO | C02 | CONSUMER_TIMEOUT_SECONDS = 10.0
2026-05-21 13:55:02 | INFO | C02 | CONSUMER_MAX_MESSAGES    = 1000
2026-05-21 13:55:02 | INFO | C02 | Verifying Kafka connection...
2026-05-21 13:55:02 | INFO | C02 | Kafka port is reachable.
2026-05-21 13:55:02 | INFO | C02 | Verifying Kafka topic...
2026-05-21 13:55:03 | INFO | C02 | Topic 'streaming-02-kafka-case' exists.
2026-05-21 13:55:03 | INFO | C02 | Found 3 message(s) available.
2026-05-21 13:55:03 | INFO | C02 | Creating Kafka consumer...
2026-05-21 13:55:03 | INFO | C02 | Subscribed to topic: 'streaming-02-kafka-case' (reading from beginning)
2026-05-21 13:55:03 | INFO | C02 | ========================
2026-05-21 13:55:03 | INFO | C02 | SECTION C. Consume and Process Messages
2026-05-21 13:55:03 | INFO | C02 | ========================
2026-05-21 13:55:03 | INFO | C02 | Initializing output...
2026-05-21 13:55:03 | INFO | C02 | Output CSV cleared: consumed_sales.csv
2026-05-21 13:55:03 | INFO | C02 | Consuming messages...
2026-05-21 13:55:03 | INFO | C02 | Waiting for up to 1000 message(s).
2026-05-21 13:55:03 | INFO | C02 | Press CTRL+C to stop early.

2026-05-21 13:55:09 | INFO | C02 | {'currency_code': 'USD', 'customer_id': 'CUST-4150', 'customer_note': 'Gift for my team', 'datetime': '2026-05-04T08:11:00Z', 'device_type': 'tablet', 'discount_code': '', 'is_new_customer': 'false', 'is_online': 'true', 'order_id': 'e7324981-a9f0-419f-b708-d0a333451fff', 'payment_method': 'paypal', 'product_id': 'PY-STREAM-005', 'quantity': '3', 'referral_source': 'paid_search', 'region_id': 'US-TX', 'unit_price': '59.99', '_kafka_key': 'US-TX', '_kafka_partition': 0, '_kafka_offset': 0}
2026-05-21 13:55:09 | INFO | C02 | Processing raw message.
2026-05-21 13:55:09 | INFO | C02 | MESSAGE CONSUMED
2026-05-21 13:55:09 | INFO | C02 | consumed=1
2026-05-21 13:55:09 | INFO | C02 | {'currency_code': 'USD', 'customer_id': 'CUST-1106', 'customer_note': 'Gift for my team', 'datetime': '2026-05-04T08:23:00Z', 'device_type': 'mobile', 'discount_code': '', 'is_new_customer': 'false', 'is_online': 'true', 'order_id': 'd61943e0-f543-4b5f-9c9a-18605ea4cfe5', 'payment_method': 'paypal', 'product_id': 'PY-DATA-002', 'quantity': '1', 'referral_source': 'paid_search', 'region_id': 'US-TX', 'unit_price': '49.99', '_kafka_key': 'US-TX', '_kafka_partition': 0, '_kafka_offset': 1}
2026-05-21 13:55:09 | INFO | C02 | Processing raw message.
2026-05-21 13:55:09 | INFO | C02 | MESSAGE CONSUMED
2026-05-21 13:55:09 | INFO | C02 | consumed=2
2026-05-21 13:55:09 | INFO | C02 | {'currency_code': 'CAD', 'customer_id': 'CUST-2133', 'customer_note': 'Learning at my own pace', 'datetime': '2026-05-04T08:28:00Z', 'device_type': 'desktop', 'discount_code': '', 'is_new_customer': 'false', 'is_online': 'true', 'order_id': '14da1915-8e74-47be-9e10-f7275d31af46', 'payment_method': 'paypal', 'product_id': 'PY-NLP-006', 'quantity': '1', 'referral_source': 'organic', 'region_id': 'CA-QC', 'unit_price': '54.99', '_kafka_key': 'CA-QC', '_kafka_partition': 0, '_kafka_offset': 2}
2026-05-21 13:55:09 | INFO | C02 | Processing raw message.
2026-05-21 13:55:09 | INFO | C02 | MESSAGE CONSUMED
2026-05-21 13:55:09 | INFO | C02 | consumed=3
2026-05-21 13:55:19 | INFO | C02 | No message received within 10.0s timeout.
2026-05-21 13:55:19 | INFO | C02 | Producer finished or paused. Stopping consumer.
2026-05-21 13:55:19 | INFO | C02 | Kafka consumer closed.
2026-05-21 13:55:19 | INFO | C02 | ========================
2026-05-21 13:55:19 | INFO | C02 | SECTION E. Exit
2026-05-21 13:55:19 | INFO | C02 | ========================
2026-05-21 13:55:19 | INFO | C02 | Summary:
2026-05-21 13:55:19 | INFO | C02 | Consumed 3 message(s) from topic 'streaming-02-kafka-case'.
2026-05-21 13:55:19 | INFO | C02 | OUTPUT_CSV = data\output\consumed_sales.csv
2026-05-21 13:55:19 | INFO | C02 | ========================
2026-05-21 13:55:19 | INFO | C02 | Consumer executed successfully!
2026-05-21 13:55:19 | INFO | C02 | ========================
2026-05-21 13:57:51 | DEBUG | P02 | KAFKA_BOOTSTRAP_SERVERS           = localhost:9092
2026-05-21 13:57:51 | DEBUG | P02 | KAFKA_BROKER_ADDRESS_FAMILY       = v6
2026-05-21 13:57:51 | DEBUG | P02 | KAFKA_TOPIC                       = streaming-02-kafka-case
2026-05-21 13:57:51 | DEBUG | P02 | KAFKA_CLEAR_TOPIC_ON_START        = true
2026-05-21 13:57:51 | DEBUG | P02 | PRODUCER_MESSAGE_COUNT            = 3
2026-05-21 13:57:51 | DEBUG | P02 | PRODUCER_MESSAGE_INTERVAL_SECONDS = 10
2026-05-21 13:57:51 | DEBUG | P02 | PRODUCER_MAX_MESSAGES             = 50
2026-05-21 13:57:51 | DEBUG | P02 | PRODUCER_POLL_INTERVAL_SECONDS    = 15
2026-05-21 13:57:51 | DEBUG | P02 | KAFKA_GROUP_ID                    = streaming-consumer-group-A
2026-05-21 13:57:51 | DEBUG | P02 | KAFKA_AUTO_OFFSET_RESET           = earliest
2026-05-21 13:57:51 | DEBUG | P02 | CONSUMER_TIMEOUT_SECONDS          = 10
2026-05-21 13:57:51 | DEBUG | P02 | CONSUMER_MAX_MESSAGES             = 1000
2026-05-21 13:57:51 | INFO | P02 | === RUN START ===
2026-05-21 13:57:51 | INFO | P02 | project=P02
2026-05-21 13:57:51 | INFO | P02 | repo_dir=streaming-02-kafka
2026-05-21 13:57:51 | INFO | P02 | python=3.14.2
2026-05-21 13:57:51 | INFO | P02 | os=Windows 11
2026-05-21 13:57:51 | INFO | P02 | shell=powershell
2026-05-21 13:57:51 | INFO | P02 | cwd=.
2026-05-21 13:57:51 | INFO | P02 | github_actions=False
2026-05-21 13:57:51 | INFO | P02 | ========================
2026-05-21 13:57:51 | INFO | P02 | START producer main()
2026-05-21 13:57:51 | INFO | P02 | ========================
2026-05-21 13:57:51 | INFO | P02 | ROOT_DIR = .
2026-05-21 13:57:51 | INFO | P02 | DATA_DIR = data
2026-05-21 13:57:51 | INFO | P02 | SALES_CSV = data\sales.csv
2026-05-21 13:57:51 | INFO | P02 | ========================
2026-05-21 13:57:51 | INFO | P02 | SECTION A. Acquire
2026-05-21 13:57:51 | INFO | P02 | ========================
2026-05-21 13:57:51 | INFO | P02 | Loading settings from .env...
2026-05-21 13:57:51 | INFO | P02 | KAFKA_BOOTSTRAP_SERVERS           = localhost:9092
2026-05-21 13:57:51 | INFO | P02 | KAFKA_TOPIC                       = streaming-02-kafka-case
2026-05-21 13:57:51 | INFO | P02 | PRODUCER_MESSAGE_COUNT            = 3
2026-05-21 13:57:51 | INFO | P02 | PRODUCER_MESSAGE_INTERVAL_SECONDS = 10.0
2026-05-21 13:57:51 | INFO | P02 | KAFKA_CLEAR_TOPIC_ON_START        = True
2026-05-21 13:57:51 | INFO | P02 | Verifying Kafka connection...
2026-05-21 13:57:51 | INFO | P02 | Kafka port is reachable.
2026-05-21 13:57:54 | INFO | P02 | ========================
2026-05-21 13:57:54 | INFO | P02 | SECTION P. Produce Messages
2026-05-21 13:57:54 | INFO | P02 | ========================
2026-05-21 13:57:54 | INFO | P02 | Sending messages...
2026-05-21 13:57:54 | INFO | P02 | Sending up to 3 message(s) to topic 'streaming-02-kafka-case'.
2026-05-21 13:57:54 | INFO | P02 | Watch each sale arrive. Press CTRL+C to stop early.

2026-05-21 13:57:54 | INFO | P02 | {
  order_id: e7324981-a9f0-419f-b708-d0a333451fff
  datetime: 2026-05-04T08:11:00Z
  region_id: US-TX
  currency_code: USD
  product_id: PY-STREAM-005
  unit_price: 59.99
  quantity: 3
  is_online: true
  customer_id: CUST-4150
  is_new_customer: false
  device_type: tablet
  payment_method: paypal
  referral_source: paid_search
  discount_code: 
  customer_note: Gift for my team
}
2026-05-21 13:57:54 | INFO | P02 |   Sending message with key=US-TX
2026-05-21 13:57:54 | INFO | P02 |   MESSAGE SENT  sent=1
2026-05-21 13:58:04 | INFO | P02 | {
  order_id: d61943e0-f543-4b5f-9c9a-18605ea4cfe5
  datetime: 2026-05-04T08:23:00Z
  region_id: US-TX
  currency_code: USD
  product_id: PY-DATA-002
  unit_price: 49.99
  quantity: 1
  is_online: true
  customer_id: CUST-1106
  is_new_customer: false
  device_type: mobile
  payment_method: paypal
  referral_source: paid_search
  discount_code: 
  customer_note: Gift for my team
}
2026-05-21 13:58:04 | INFO | P02 |   Sending message with key=US-TX
2026-05-21 13:58:04 | INFO | P02 |   MESSAGE SENT  sent=2
2026-05-21 13:58:14 | INFO | P02 | {
  order_id: 14da1915-8e74-47be-9e10-f7275d31af46
  datetime: 2026-05-04T08:28:00Z
  region_id: CA-QC
  currency_code: CAD
  product_id: PY-NLP-006
  unit_price: 54.99
  quantity: 1
  is_online: true
  customer_id: CUST-2133
  is_new_customer: false
  device_type: desktop
  payment_method: paypal
  referral_source: organic
  discount_code: 
  customer_note: Learning at my own pace
}
2026-05-21 13:58:14 | INFO | P02 |   Sending message with key=CA-QC
2026-05-21 13:58:14 | INFO | P02 |   MESSAGE SENT  sent=3
2026-05-21 13:58:24 | INFO | P02 | ========================
2026-05-21 13:58:24 | INFO | P02 | SECTION E. Exit
2026-05-21 13:58:24 | INFO | P02 | ========================
2026-05-21 13:58:24 | INFO | P02 | Summary:
2026-05-21 13:58:24 | INFO | P02 | Sent 3 message(s) to topic 'streaming-02-kafka-case'.
2026-05-21 13:58:24 | INFO | P02 | ========================
2026-05-21 13:58:24 | INFO | P02 | Producer executed successfully!
2026-05-21 13:58:24 | INFO | P02 | ========================
2026-05-21 13:58:37 | DEBUG | C02 | KAFKA_BOOTSTRAP_SERVERS           = localhost:9092
2026-05-21 13:58:37 | DEBUG | C02 | KAFKA_BROKER_ADDRESS_FAMILY       = v6
2026-05-21 13:58:37 | DEBUG | C02 | KAFKA_TOPIC                       = streaming-02-kafka-case
2026-05-21 13:58:37 | DEBUG | C02 | KAFKA_CLEAR_TOPIC_ON_START        = true
2026-05-21 13:58:37 | DEBUG | C02 | PRODUCER_MESSAGE_COUNT            = 3
2026-05-21 13:58:37 | DEBUG | C02 | PRODUCER_MESSAGE_INTERVAL_SECONDS = 10
2026-05-21 13:58:37 | DEBUG | C02 | PRODUCER_MAX_MESSAGES             = 50
2026-05-21 13:58:37 | DEBUG | C02 | PRODUCER_POLL_INTERVAL_SECONDS    = 15
2026-05-21 13:58:37 | DEBUG | C02 | KAFKA_GROUP_ID                    = streaming-consumer-group-A
2026-05-21 13:58:37 | DEBUG | C02 | KAFKA_AUTO_OFFSET_RESET           = earliest
2026-05-21 13:58:37 | DEBUG | C02 | CONSUMER_TIMEOUT_SECONDS          = 10
2026-05-21 13:58:37 | DEBUG | C02 | CONSUMER_MAX_MESSAGES             = 1000
2026-05-21 13:58:37 | INFO | C02 | === RUN START ===
2026-05-21 13:58:37 | INFO | C02 | project=C02
2026-05-21 13:58:37 | INFO | C02 | repo_dir=streaming-02-kafka
2026-05-21 13:58:37 | INFO | C02 | python=3.14.2
2026-05-21 13:58:37 | INFO | C02 | os=Windows 11
2026-05-21 13:58:37 | INFO | C02 | shell=powershell
2026-05-21 13:58:37 | INFO | C02 | cwd=.
2026-05-21 13:58:38 | INFO | C02 | github_actions=False
2026-05-21 13:58:38 | INFO | C02 | ========================
2026-05-21 13:58:38 | INFO | C02 | START consumer main()
2026-05-21 13:58:38 | INFO | C02 | ========================
2026-05-21 13:58:38 | INFO | C02 | ROOT_DIR = .
2026-05-21 13:58:38 | INFO | C02 | DATA_DIR = data
2026-05-21 13:58:38 | INFO | C02 | OUTPUT_CSV = data\output\consumed_sales.csv
2026-05-21 13:58:38 | INFO | C02 | ========================
2026-05-21 13:58:38 | INFO | C02 | SECTION A. Acquire
2026-05-21 13:58:38 | INFO | C02 | ========================
2026-05-21 13:58:38 | INFO | C02 | Loading settings from .env...
2026-05-21 13:58:38 | INFO | C02 | KAFKA_BOOTSTRAP_SERVERS  = localhost:9092
2026-05-21 13:58:38 | INFO | C02 | KAFKA_TOPIC              = streaming-02-kafka-case
2026-05-21 13:58:38 | INFO | C02 | KAFKA_GROUP_ID           = streaming-consumer-group-A
2026-05-21 13:58:38 | INFO | C02 | CONSUMER_TIMEOUT_SECONDS = 10.0
2026-05-21 13:58:38 | INFO | C02 | CONSUMER_MAX_MESSAGES    = 1000
2026-05-21 13:58:38 | INFO | C02 | Verifying Kafka connection...
2026-05-21 13:58:38 | INFO | C02 | Kafka port is reachable.
2026-05-21 13:58:38 | INFO | C02 | Verifying Kafka topic...
2026-05-21 13:58:42 | INFO | C02 | Topic 'streaming-02-kafka-case' exists.
2026-05-21 13:58:42 | INFO | C02 | Found 3 message(s) available.
2026-05-21 13:58:42 | INFO | C02 | Creating Kafka consumer...
2026-05-21 13:58:42 | INFO | C02 | Subscribed to topic: 'streaming-02-kafka-case' (reading from beginning)
2026-05-21 13:58:42 | INFO | C02 | ========================
2026-05-21 13:58:42 | INFO | C02 | SECTION C. Consume and Process Messages
2026-05-21 13:58:42 | INFO | C02 | ========================
2026-05-21 13:58:42 | INFO | C02 | Initializing output...
2026-05-21 13:58:42 | INFO | C02 | Output CSV cleared: consumed_sales.csv
2026-05-21 13:58:42 | INFO | C02 | Consuming messages...
2026-05-21 13:58:42 | INFO | C02 | Waiting for up to 1000 message(s).
2026-05-21 13:58:42 | INFO | C02 | Press CTRL+C to stop early.

2026-05-21 13:58:45 | INFO | C02 | {'currency_code': 'USD', 'customer_id': 'CUST-4150', 'customer_note': 'Gift for my team', 'datetime': '2026-05-04T08:11:00Z', 'device_type': 'tablet', 'discount_code': '', 'is_new_customer': 'false', 'is_online': 'true', 'order_id': 'e7324981-a9f0-419f-b708-d0a333451fff', 'payment_method': 'paypal', 'product_id': 'PY-STREAM-005', 'quantity': '3', 'referral_source': 'paid_search', 'region_id': 'US-TX', 'unit_price': '59.99', '_kafka_key': 'US-TX', '_kafka_partition': 0, '_kafka_offset': 0}
2026-05-21 13:58:45 | INFO | C02 | Processing raw message.
2026-05-21 13:58:45 | INFO | C02 | MESSAGE CONSUMED
2026-05-21 13:58:45 | INFO | C02 | consumed=1
2026-05-21 13:58:45 | INFO | C02 | {'currency_code': 'USD', 'customer_id': 'CUST-1106', 'customer_note': 'Gift for my team', 'datetime': '2026-05-04T08:23:00Z', 'device_type': 'mobile', 'discount_code': '', 'is_new_customer': 'false', 'is_online': 'true', 'order_id': 'd61943e0-f543-4b5f-9c9a-18605ea4cfe5', 'payment_method': 'paypal', 'product_id': 'PY-DATA-002', 'quantity': '1', 'referral_source': 'paid_search', 'region_id': 'US-TX', 'unit_price': '49.99', '_kafka_key': 'US-TX', '_kafka_partition': 0, '_kafka_offset': 1}
2026-05-21 13:58:45 | INFO | C02 | Processing raw message.
2026-05-21 13:58:45 | INFO | C02 | MESSAGE CONSUMED
2026-05-21 13:58:45 | INFO | C02 | consumed=2
2026-05-21 13:58:45 | INFO | C02 | {'currency_code': 'CAD', 'customer_id': 'CUST-2133', 'customer_note': 'Learning at my own pace', 'datetime': '2026-05-04T08:28:00Z', 'device_type': 'desktop', 'discount_code': '', 'is_new_customer': 'false', 'is_online': 'true', 'order_id': '14da1915-8e74-47be-9e10-f7275d31af46', 'payment_method': 'paypal', 'product_id': 'PY-NLP-006', 'quantity': '1', 'referral_source': 'organic', 'region_id': 'CA-QC', 'unit_price': '54.99', '_kafka_key': 'CA-QC', '_kafka_partition': 0, '_kafka_offset': 2}
2026-05-21 13:58:45 | INFO | C02 | Processing raw message.
2026-05-21 13:58:45 | INFO | C02 | MESSAGE CONSUMED
2026-05-21 13:58:45 | INFO | C02 | consumed=3
2026-05-21 13:58:55 | INFO | C02 | No message received within 10.0s timeout.
2026-05-21 13:58:55 | INFO | C02 | Producer finished or paused. Stopping consumer.
2026-05-21 13:58:55 | INFO | C02 | Kafka consumer closed.
2026-05-21 13:58:55 | INFO | C02 | ========================
2026-05-21 13:58:55 | INFO | C02 | SECTION E. Exit
2026-05-21 13:58:55 | INFO | C02 | ========================
2026-05-21 13:58:55 | INFO | C02 | Summary:
2026-05-21 13:58:55 | INFO | C02 | Consumed 3 message(s) from topic 'streaming-02-kafka-case'.
2026-05-21 13:58:55 | INFO | C02 | OUTPUT_CSV = data\output\consumed_sales.csv
2026-05-21 13:58:55 | INFO | C02 | ========================
2026-05-21 13:58:55 | INFO | C02 | Consumer executed successfully!
2026-05-21 13:58:55 | INFO | C02 | ========================
2026-05-21 16:09:53 | DEBUG | C02 | KAFKA_BOOTSTRAP_SERVERS           = localhost:9092
2026-05-21 16:09:53 | DEBUG | C02 | KAFKA_BROKER_ADDRESS_FAMILY       = v6
2026-05-21 16:09:53 | DEBUG | C02 | KAFKA_TOPIC                       = streaming-02-kafka-case
2026-05-21 16:09:53 | DEBUG | C02 | KAFKA_CLEAR_TOPIC_ON_START        = true
2026-05-21 16:09:53 | DEBUG | C02 | PRODUCER_MESSAGE_COUNT            = 3
2026-05-21 16:09:53 | DEBUG | C02 | PRODUCER_MESSAGE_INTERVAL_SECONDS = 2
2026-05-21 16:09:53 | DEBUG | C02 | PRODUCER_MAX_MESSAGES             = 50
2026-05-21 16:09:53 | DEBUG | C02 | PRODUCER_POLL_INTERVAL_SECONDS    = 15
2026-05-21 16:09:53 | DEBUG | C02 | KAFKA_GROUP_ID                    = streaming-consumer-group-A
2026-05-21 16:09:53 | DEBUG | C02 | KAFKA_AUTO_OFFSET_RESET           = earliest
2026-05-21 16:09:53 | DEBUG | C02 | CONSUMER_TIMEOUT_SECONDS          = 10
2026-05-21 16:09:53 | DEBUG | C02 | CONSUMER_MAX_MESSAGES             = 1000
2026-05-21 16:09:53 | INFO | C02 | === RUN START ===
2026-05-21 16:09:53 | INFO | C02 | project=C02
2026-05-21 16:09:53 | INFO | C02 | repo_dir=streaming-02-kafka
2026-05-21 16:09:53 | INFO | C02 | python=3.14.2
2026-05-21 16:09:53 | INFO | C02 | os=Windows 11
2026-05-21 16:09:53 | INFO | C02 | shell=powershell
2026-05-21 16:09:53 | INFO | C02 | cwd=.
2026-05-21 16:09:53 | INFO | C02 | github_actions=False
2026-05-21 16:09:53 | INFO | C02 | ========================
2026-05-21 16:09:53 | INFO | C02 | START consumer main()
2026-05-21 16:09:53 | INFO | C02 | ========================
2026-05-21 16:09:53 | INFO | C02 | ROOT_DIR = .
2026-05-21 16:09:53 | INFO | C02 | DATA_DIR = data
2026-05-21 16:09:53 | INFO | C02 | OUTPUT_CSV = data\output\consumed_dawson_sales.csv
2026-05-21 16:09:53 | INFO | C02 | ========================
2026-05-21 16:09:53 | INFO | C02 | SECTION A. Acquire
2026-05-21 16:09:53 | INFO | C02 | ========================
2026-05-21 16:09:53 | INFO | C02 | Loading settings from .env...
2026-05-21 16:09:53 | INFO | C02 | KAFKA_BOOTSTRAP_SERVERS  = localhost:9092
2026-05-21 16:09:53 | INFO | C02 | KAFKA_TOPIC              = streaming-02-kafka-case
2026-05-21 16:09:53 | INFO | C02 | KAFKA_GROUP_ID           = streaming-consumer-group-A
2026-05-21 16:09:53 | INFO | C02 | CONSUMER_TIMEOUT_SECONDS = 10.0
2026-05-21 16:09:53 | INFO | C02 | CONSUMER_MAX_MESSAGES    = 1000
2026-05-21 16:09:53 | INFO | C02 | Verifying Kafka connection...
2026-05-21 16:09:53 | INFO | C02 | Kafka port is reachable.
2026-05-21 16:09:53 | INFO | C02 | Verifying Kafka topic...
2026-05-21 16:09:53 | INFO | C02 | Topic 'streaming-02-kafka-case' exists.
2026-05-21 16:09:53 | INFO | C02 | Found 3 message(s) available.
2026-05-21 16:09:53 | INFO | C02 | Creating Kafka consumer...
2026-05-21 16:09:53 | INFO | C02 | Subscribed to topic: 'streaming-02-kafka-case' (reading from beginning)
2026-05-21 16:09:53 | INFO | C02 | ========================
2026-05-21 16:09:53 | INFO | C02 | SECTION C. Consume and Process Messages
2026-05-21 16:09:53 | INFO | C02 | ========================
2026-05-21 16:09:53 | INFO | C02 | Initializing output...
2026-05-21 16:09:53 | INFO | C02 | Output CSV cleared: consumed_dawson_sales.csv
2026-05-21 16:09:53 | INFO | C02 | Consuming messages...
2026-05-21 16:09:53 | INFO | C02 | Waiting for up to 1000 message(s).
2026-05-21 16:09:53 | INFO | C02 | Press CTRL+C to stop early.

2026-05-21 16:09:56 | INFO | C02 | {'currency_code': 'USD', 'customer_id': 'CUST-4150', 'customer_note': 'Gift for my team', 'datetime': '2026-05-04T08:11:00Z', 'device_type': 'tablet', 'discount_code': '', 'is_new_customer': 'false', 'is_online': 'true', 'order_id': 'e7324981-a9f0-419f-b708-d0a333451fff', 'payment_method': 'paypal', 'product_id': 'PY-STREAM-005', 'quantity': '3', 'referral_source': 'paid_search', 'region_id': 'US-TX', 'unit_price': '59.99', '_kafka_key': 'US-TX', '_kafka_partition': 0, '_kafka_offset': 0}
2026-05-21 16:09:56 | INFO | C02 | Processing raw message.
2026-05-21 16:09:56 | INFO | C02 | MESSAGE CONSUMED
2026-05-21 16:09:56 | INFO | C02 | consumed=1
2026-05-21 16:09:56 | INFO | C02 | {'currency_code': 'USD', 'customer_id': 'CUST-1106', 'customer_note': 'Gift for my team', 'datetime': '2026-05-04T08:23:00Z', 'device_type': 'mobile', 'discount_code': '', 'is_new_customer': 'false', 'is_online': 'true', 'order_id': 'd61943e0-f543-4b5f-9c9a-18605ea4cfe5', 'payment_method': 'paypal', 'product_id': 'PY-DATA-002', 'quantity': '1', 'referral_source': 'paid_search', 'region_id': 'US-TX', 'unit_price': '49.99', '_kafka_key': 'US-TX', '_kafka_partition': 0, '_kafka_offset': 1}
2026-05-21 16:09:56 | INFO | C02 | Processing raw message.
2026-05-21 16:09:56 | INFO | C02 | MESSAGE CONSUMED
2026-05-21 16:09:56 | INFO | C02 | consumed=2
2026-05-21 16:09:56 | INFO | C02 | {'currency_code': 'CAD', 'customer_id': 'CUST-2133', 'customer_note': 'Learning at my own pace', 'datetime': '2026-05-04T08:28:00Z', 'device_type': 'desktop', 'discount_code': '', 'is_new_customer': 'false', 'is_online': 'true', 'order_id': '14da1915-8e74-47be-9e10-f7275d31af46', 'payment_method': 'paypal', 'product_id': 'PY-NLP-006', 'quantity': '1', 'referral_source': 'organic', 'region_id': 'CA-QC', 'unit_price': '54.99', '_kafka_key': 'CA-QC', '_kafka_partition': 0, '_kafka_offset': 2}
2026-05-21 16:09:56 | INFO | C02 | Processing raw message.
2026-05-21 16:09:56 | INFO | C02 | MESSAGE CONSUMED
2026-05-21 16:09:56 | INFO | C02 | consumed=3
2026-05-21 16:10:06 | INFO | C02 | No message received within 10.0s timeout.
2026-05-21 16:10:06 | INFO | C02 | Producer finished or paused. Stopping consumer.
2026-05-21 16:10:06 | INFO | C02 | Kafka consumer closed.
2026-05-21 16:10:06 | INFO | C02 | ========================
2026-05-21 16:10:06 | INFO | C02 | SECTION E. Exit
2026-05-21 16:10:06 | INFO | C02 | ========================
2026-05-21 16:10:06 | INFO | C02 | Summary:
2026-05-21 16:10:06 | INFO | C02 | Consumed 3 message(s) from topic 'streaming-02-kafka-case'.
2026-05-21 16:10:06 | INFO | C02 | PayPal payment_method count: 3
2026-05-21 16:10:06 | INFO | C02 | OUTPUT_CSV = data\output\consumed_dawson_sales.csv
2026-05-21 16:10:06 | INFO | C02 | ========================
2026-05-21 16:10:06 | INFO | C02 | Consumer executed successfully!
2026-05-21 16:10:06 | INFO | C02 | ========================
2026-05-21 16:11:02 | DEBUG | P02 | KAFKA_BOOTSTRAP_SERVERS           = localhost:9092
2026-05-21 16:11:02 | DEBUG | P02 | KAFKA_BROKER_ADDRESS_FAMILY       = v6
2026-05-21 16:11:02 | DEBUG | P02 | KAFKA_TOPIC                       = streaming-02-kafka-case
2026-05-21 16:11:02 | DEBUG | P02 | KAFKA_CLEAR_TOPIC_ON_START        = true
2026-05-21 16:11:02 | DEBUG | P02 | PRODUCER_MESSAGE_COUNT            = 3
2026-05-21 16:11:02 | DEBUG | P02 | PRODUCER_MESSAGE_INTERVAL_SECONDS = 2
2026-05-21 16:11:02 | DEBUG | P02 | PRODUCER_MAX_MESSAGES             = 50
2026-05-21 16:11:02 | DEBUG | P02 | PRODUCER_POLL_INTERVAL_SECONDS    = 15
2026-05-21 16:11:02 | DEBUG | P02 | KAFKA_GROUP_ID                    = streaming-consumer-group-A
2026-05-21 16:11:02 | DEBUG | P02 | KAFKA_AUTO_OFFSET_RESET           = earliest
2026-05-21 16:11:02 | DEBUG | P02 | CONSUMER_TIMEOUT_SECONDS          = 10
2026-05-21 16:11:02 | DEBUG | P02 | CONSUMER_MAX_MESSAGES             = 1000
2026-05-21 16:11:02 | INFO | P02 | === RUN START ===
2026-05-21 16:11:02 | INFO | P02 | project=P02
2026-05-21 16:11:02 | INFO | P02 | repo_dir=streaming-02-kafka
2026-05-21 16:11:02 | INFO | P02 | python=3.14.2
2026-05-21 16:11:02 | INFO | P02 | os=Windows 11
2026-05-21 16:11:02 | INFO | P02 | shell=powershell
2026-05-21 16:11:02 | INFO | P02 | cwd=.
2026-05-21 16:11:02 | INFO | P02 | github_actions=False
2026-05-21 16:11:02 | INFO | P02 | ========================
2026-05-21 16:11:02 | INFO | P02 | START producer main()
2026-05-21 16:11:02 | INFO | P02 | ========================
2026-05-21 16:11:02 | INFO | P02 | ROOT_DIR = .
2026-05-21 16:11:02 | INFO | P02 | DATA_DIR = data
2026-05-21 16:11:02 | INFO | P02 | SALES_CSV = data\sales.csv
2026-05-21 16:11:02 | INFO | P02 | ========================
2026-05-21 16:11:02 | INFO | P02 | SECTION A. Acquire
2026-05-21 16:11:02 | INFO | P02 | ========================
2026-05-21 16:11:02 | INFO | P02 | Loading settings from .env...
2026-05-21 16:11:02 | INFO | P02 | KAFKA_BOOTSTRAP_SERVERS           = localhost:9092
2026-05-21 16:11:02 | INFO | P02 | KAFKA_TOPIC                       = streaming-02-kafka-case
2026-05-21 16:11:02 | INFO | P02 | PRODUCER_MESSAGE_COUNT            = 3
2026-05-21 16:11:02 | INFO | P02 | PRODUCER_MESSAGE_INTERVAL_SECONDS = 2.0
2026-05-21 16:11:02 | INFO | P02 | KAFKA_CLEAR_TOPIC_ON_START        = True
2026-05-21 16:11:02 | INFO | P02 | Verifying Kafka connection...
2026-05-21 16:11:02 | INFO | P02 | Kafka port is reachable.
2026-05-21 16:11:02 | INFO | P02 | ========================
2026-05-21 16:11:02 | INFO | P02 | SECTION P. Produce Messages
2026-05-21 16:11:02 | INFO | P02 | ========================
2026-05-21 16:11:02 | INFO | P02 | Sending messages...
2026-05-21 16:11:02 | INFO | P02 | Sending up to 3 message(s) to topic 'streaming-02-kafka-case'.
2026-05-21 16:11:02 | INFO | P02 | Watch each sale arrive. Press CTRL+C to stop early.

2026-05-21 16:11:02 | INFO | P02 | {
  order_id: e7324981-a9f0-419f-b708-d0a333451fff
  datetime: 2026-05-04T08:11:00Z
  region_id: US-TX
  currency_code: USD
  product_id: PY-STREAM-005
  unit_price: 59.99
  quantity: 3
  is_online: true
  customer_id: CUST-4150
  is_new_customer: false
  device_type: tablet
  payment_method: paypal
  referral_source: paid_search
  discount_code: 
  customer_note: Gift for my team
}
2026-05-21 16:11:02 | INFO | P02 |   Sending message with key=US-TX
2026-05-21 16:11:02 | INFO | P02 |   MESSAGE SENT  sent=1
2026-05-21 16:11:04 | INFO | P02 | {
  order_id: d61943e0-f543-4b5f-9c9a-18605ea4cfe5
  datetime: 2026-05-04T08:23:00Z
  region_id: US-TX
  currency_code: USD
  product_id: PY-DATA-002
  unit_price: 49.99
  quantity: 1
  is_online: true
  customer_id: CUST-1106
  is_new_customer: false
  device_type: mobile
  payment_method: paypal
  referral_source: paid_search
  discount_code: 
  customer_note: Gift for my team
}
2026-05-21 16:11:04 | INFO | P02 |   Sending message with key=US-TX
2026-05-21 16:11:04 | INFO | P02 |   MESSAGE SENT  sent=2
2026-05-21 16:11:06 | INFO | P02 | {
  order_id: 14da1915-8e74-47be-9e10-f7275d31af46
  datetime: 2026-05-04T08:28:00Z
  region_id: CA-QC
  currency_code: CAD
  product_id: PY-NLP-006
  unit_price: 54.99
  quantity: 1
  is_online: true
  customer_id: CUST-2133
  is_new_customer: false
  device_type: desktop
  payment_method: paypal
  referral_source: organic
  discount_code: 
  customer_note: Learning at my own pace
}
2026-05-21 16:11:06 | INFO | P02 |   Sending message with key=CA-QC
2026-05-21 16:11:07 | INFO | P02 |   MESSAGE SENT  sent=3
2026-05-21 16:11:09 | INFO | P02 | ========================
2026-05-21 16:11:09 | INFO | P02 | SECTION E. Exit
2026-05-21 16:11:09 | INFO | P02 | ========================
2026-05-21 16:11:09 | INFO | P02 | Summary:
2026-05-21 16:11:09 | INFO | P02 | Sent 3 message(s) to topic 'streaming-02-kafka-case'.
2026-05-21 16:11:09 | INFO | P02 | PayPal payment_method count: 3
2026-05-21 16:11:09 | INFO | P02 | ========================
2026-05-21 16:11:09 | INFO | P02 | Producer executed successfully!
2026-05-21 16:11:09 | INFO | P02 | ========================
2026-05-21 16:11:28 | DEBUG | P02 | KAFKA_BOOTSTRAP_SERVERS           = localhost:9092
2026-05-21 16:11:28 | DEBUG | P02 | KAFKA_BROKER_ADDRESS_FAMILY       = v6
2026-05-21 16:11:28 | DEBUG | P02 | KAFKA_TOPIC                       = streaming-02-kafka-case
2026-05-21 16:11:28 | DEBUG | P02 | KAFKA_CLEAR_TOPIC_ON_START        = true
2026-05-21 16:11:28 | DEBUG | P02 | PRODUCER_MESSAGE_COUNT            = 20
2026-05-21 16:11:28 | DEBUG | P02 | PRODUCER_MESSAGE_INTERVAL_SECONDS = 2
2026-05-21 16:11:28 | DEBUG | P02 | PRODUCER_MAX_MESSAGES             = 50
2026-05-21 16:11:28 | DEBUG | P02 | PRODUCER_POLL_INTERVAL_SECONDS    = 15
2026-05-21 16:11:28 | DEBUG | P02 | KAFKA_GROUP_ID                    = streaming-consumer-group-A
2026-05-21 16:11:28 | DEBUG | P02 | KAFKA_AUTO_OFFSET_RESET           = earliest
2026-05-21 16:11:28 | DEBUG | P02 | CONSUMER_TIMEOUT_SECONDS          = 10
2026-05-21 16:11:28 | DEBUG | P02 | CONSUMER_MAX_MESSAGES             = 1000
2026-05-21 16:11:28 | INFO | P02 | === RUN START ===
2026-05-21 16:11:28 | INFO | P02 | project=P02
2026-05-21 16:11:28 | INFO | P02 | repo_dir=streaming-02-kafka
2026-05-21 16:11:28 | INFO | P02 | python=3.14.2
2026-05-21 16:11:28 | INFO | P02 | os=Windows 11
2026-05-21 16:11:28 | INFO | P02 | shell=powershell
2026-05-21 16:11:28 | INFO | P02 | cwd=.
2026-05-21 16:11:28 | INFO | P02 | github_actions=False
2026-05-21 16:11:28 | INFO | P02 | ========================
2026-05-21 16:11:28 | INFO | P02 | START producer main()
2026-05-21 16:11:28 | INFO | P02 | ========================
2026-05-21 16:11:28 | INFO | P02 | ROOT_DIR = .
2026-05-21 16:11:28 | INFO | P02 | DATA_DIR = data
2026-05-21 16:11:28 | INFO | P02 | SALES_CSV = data\sales.csv
2026-05-21 16:11:28 | INFO | P02 | ========================
2026-05-21 16:11:28 | INFO | P02 | SECTION A. Acquire
2026-05-21 16:11:28 | INFO | P02 | ========================
2026-05-21 16:11:28 | INFO | P02 | Loading settings from .env...
2026-05-21 16:11:28 | INFO | P02 | KAFKA_BOOTSTRAP_SERVERS           = localhost:9092
2026-05-21 16:11:28 | INFO | P02 | KAFKA_TOPIC                       = streaming-02-kafka-case
2026-05-21 16:11:28 | INFO | P02 | PRODUCER_MESSAGE_COUNT            = 20
2026-05-21 16:11:28 | INFO | P02 | PRODUCER_MESSAGE_INTERVAL_SECONDS = 2.0
2026-05-21 16:11:28 | INFO | P02 | KAFKA_CLEAR_TOPIC_ON_START        = True
2026-05-21 16:11:28 | INFO | P02 | Verifying Kafka connection...
2026-05-21 16:11:28 | INFO | P02 | Kafka port is reachable.
2026-05-21 16:11:33 | INFO | P02 | ========================
2026-05-21 16:11:33 | INFO | P02 | SECTION P. Produce Messages
2026-05-21 16:11:33 | INFO | P02 | ========================
2026-05-21 16:11:33 | INFO | P02 | Sending messages...
2026-05-21 16:11:33 | INFO | P02 | Sending up to 20 message(s) to topic 'streaming-02-kafka-case'.
2026-05-21 16:11:33 | INFO | P02 | Watch each sale arrive. Press CTRL+C to stop early.

2026-05-21 16:11:33 | INFO | P02 | {
  order_id: e7324981-a9f0-419f-b708-d0a333451fff
  datetime: 2026-05-04T08:11:00Z
  region_id: US-TX
  currency_code: USD
  product_id: PY-STREAM-005
  unit_price: 59.99
  quantity: 3
  is_online: true
  customer_id: CUST-4150
  is_new_customer: false
  device_type: tablet
  payment_method: paypal
  referral_source: paid_search
  discount_code: 
  customer_note: Gift for my team
}
2026-05-21 16:11:33 | INFO | P02 |   Sending message with key=US-TX
2026-05-21 16:11:33 | INFO | P02 |   MESSAGE SENT  sent=1
2026-05-21 16:11:35 | INFO | P02 | {
  order_id: d61943e0-f543-4b5f-9c9a-18605ea4cfe5
  datetime: 2026-05-04T08:23:00Z
  region_id: US-TX
  currency_code: USD
  product_id: PY-DATA-002
  unit_price: 49.99
  quantity: 1
  is_online: true
  customer_id: CUST-1106
  is_new_customer: false
  device_type: mobile
  payment_method: paypal
  referral_source: paid_search
  discount_code: 
  customer_note: Gift for my team
}
2026-05-21 16:11:35 | INFO | P02 |   Sending message with key=US-TX
2026-05-21 16:11:35 | INFO | P02 |   MESSAGE SENT  sent=2
2026-05-21 16:11:37 | INFO | P02 | {
  order_id: 14da1915-8e74-47be-9e10-f7275d31af46
  datetime: 2026-05-04T08:28:00Z
  region_id: CA-QC
  currency_code: CAD
  product_id: PY-NLP-006
  unit_price: 54.99
  quantity: 1
  is_online: true
  customer_id: CUST-2133
  is_new_customer: false
  device_type: desktop
  payment_method: paypal
  referral_source: organic
  discount_code: 
  customer_note: Learning at my own pace
}
2026-05-21 16:11:37 | INFO | P02 |   Sending message with key=CA-QC
2026-05-21 16:11:37 | INFO | P02 |   MESSAGE SENT  sent=3
2026-05-21 16:11:39 | INFO | P02 | {
  order_id: d77ed935-9b28-431d-bc25-0a3fd98f4154
  datetime: 2026-05-04T08:40:00Z
  region_id: US-CA
  currency_code: USD
  product_id: PY-STREAM-005
  unit_price: 59.99
  quantity: 1
  is_online: true
  customer_id: CUST-5333
  is_new_customer: false
  device_type: mobile
  payment_method: paypal
  referral_source: organic
  discount_code: 
  customer_note: Highly recommend
}
2026-05-21 16:11:39 | INFO | P02 |   Sending message with key=US-CA
2026-05-21 16:11:39 | INFO | P02 |   MESSAGE SENT  sent=4
2026-05-21 16:11:41 | INFO | P02 | {
  order_id: 24b91995-25f8-4ad7-8fa6-2e4c15750e5e
  datetime: 2026-05-04T08:41:00Z
  region_id: US-MO
  currency_code: USD
  product_id: PY-VIZ-003
  unit_price: 39.99
  quantity: 1
  is_online: true
  customer_id: CUST-8573
  is_new_customer: false
  device_type: mobile
  payment_method: apple_pay
  referral_source: paid_search
  discount_code: 
  customer_note: Learning at my own pace
}
2026-05-21 16:11:41 | INFO | P02 |   Sending message with key=US-MO
2026-05-21 16:11:41 | INFO | P02 |   MESSAGE SENT  sent=5
2026-05-21 16:11:43 | INFO | P02 | {
  order_id: 1ec0fc8b-998c-4f43-8a66-19e1fa7d5fa8
  datetime: 2026-05-04T08:54:00Z
  region_id: CA-ON
  currency_code: CAD
  product_id: PY-SQL-004
  unit_price: 44.99
  quantity: 1
  is_online: true
  customer_id: CUST-8062
  is_new_customer: false
  device_type: tablet
  payment_method: paypal
  referral_source: organic
  discount_code: 
  customer_note: 
}
2026-05-21 16:11:43 | INFO | P02 |   Sending message with key=CA-ON
2026-05-21 16:11:43 | INFO | P02 |   MESSAGE SENT  sent=6
2026-05-21 16:11:45 | INFO | P02 | {
  order_id: 392dd49b-b385-499c-9b4a-a38387fa39ae
  datetime: 2026-05-04T09:07:00Z
  region_id: CA-ON
  currency_code: CAD
  product_id: PY-INTRO-001
  unit_price: 29.99
  quantity: 1
  is_online: false
  customer_id: CUST-9348
  is_new_customer: false
  device_type: desktop
  payment_method: credit_card
  referral_source: paid_search
  discount_code: 
  customer_note: For my study group
}
2026-05-21 16:11:45 | INFO | P02 |   Sending message with key=CA-ON
2026-05-21 16:11:45 | INFO | P02 |   MESSAGE SENT  sent=7
2026-05-21 16:11:47 | INFO | P02 | {
  order_id: 02782ab7-dd7d-4ebe-8abc-ef81cdc4193b
  datetime: 2026-05-04T09:15:00Z
  region_id: US-CA
  currency_code: USD
  product_id: PY-VIZ-003
  unit_price: 39.99
  quantity: 1
  is_online: true
  customer_id: CUST-5889
  is_new_customer: false
  device_type: tablet
  payment_method: paypal
  referral_source: organic
  discount_code: 
  customer_note: 
}
2026-05-21 16:11:47 | INFO | P02 |   Sending message with key=US-CA
2026-05-21 16:11:47 | INFO | P02 |   MESSAGE SENT  sent=8
2026-05-21 16:11:49 | INFO | P02 | {
  order_id: 67bd3492-cc96-429a-9a91-1b4d2132d261
  datetime: 2026-05-04T09:19:00Z
  region_id: CA-ON
  currency_code: CAD
  product_id: PY-VIZ-003
  unit_price: 39.99
  quantity: 1
  is_online: true
  customer_id: CUST-4770
  is_new_customer: false
  device_type: desktop
  payment_method: credit_card
  referral_source: paid_search
  discount_code: 
  customer_note: Excellent content
}
2026-05-21 16:11:49 | INFO | P02 |   Sending message with key=CA-ON
2026-05-21 16:11:49 | INFO | P02 |   MESSAGE SENT  sent=9
2026-05-21 16:11:51 | INFO | P02 | {
  order_id: 0a021628-6937-4876-8875-b00c07a39e0f
  datetime: 2026-05-04T09:37:00Z
  region_id: MX-CMX
  currency_code: MXN
  product_id: PY-DATA-002
  unit_price: 49.99
  quantity: 1
  is_online: true
  customer_id: CUST-6168
  is_new_customer: false
  device_type: desktop
  payment_method: paypal
  referral_source: organic
  discount_code: 
  customer_note: 
}
2026-05-21 16:11:51 | INFO | P02 |   Sending message with key=MX-CMX
2026-05-21 16:11:51 | INFO | P02 |   MESSAGE SENT  sent=10
2026-05-21 16:11:53 | INFO | P02 | {
  order_id: b05fc600-a5fc-4826-934c-cc1f188b0715
  datetime: 2026-05-04T09:42:00Z
  region_id: US-MO
  currency_code: USD
  product_id: PY-DATA-002
  unit_price: 49.99
  quantity: 3
  is_online: true
  customer_id: CUST-3340
  is_new_customer: false
  device_type: tablet
  payment_method: credit_card
  referral_source: organic
  discount_code: 
  customer_note: Recommended by a colleague
}
2026-05-21 16:11:53 | INFO | P02 |   Sending message with key=US-MO
2026-05-21 16:11:53 | INFO | P02 |   MESSAGE SENT  sent=11
2026-05-21 16:11:55 | INFO | P02 | {
  order_id: 03d437fb-6966-47ad-a67a-728630c8b3f8
  datetime: 2026-05-04T10:06:00Z
  region_id: US-MO
  currency_code: USD
  product_id: PY-INTRO-001
  unit_price: 29.99
  quantity: 1
  is_online: true
  customer_id: CUST-8668
  is_new_customer: false
  device_type: mobile
  payment_method: apple_pay
  referral_source: email
  discount_code: 
  customer_note: 
}
2026-05-21 16:11:55 | INFO | P02 |   Sending message with key=US-MO
2026-05-21 16:11:55 | INFO | P02 |   MESSAGE SENT  sent=12
2026-05-21 16:11:57 | INFO | P02 | {
  order_id: 6914aea4-448f-4dc1-b68f-0fe4a2c06188
  datetime: 2026-05-04T10:15:00Z
  region_id: US-TX
  currency_code: USD
  product_id: PY-DATA-002
  unit_price: 49.99
  quantity: 1
  is_online: true
  customer_id: CUST-2827
  is_new_customer: false
  device_type: tablet
  payment_method: credit_card
  referral_source: organic
  discount_code: 
  customer_note: Learning at my own pace
}
2026-05-21 16:11:57 | INFO | P02 |   Sending message with key=US-TX
2026-05-21 16:11:57 | INFO | P02 |   MESSAGE SENT  sent=13
2026-05-21 16:11:59 | INFO | P02 | {
  order_id: e1adb233-3aa8-4d60-9684-1ddf52e9d656
  datetime: 2026-05-04T10:16:00Z
  region_id: US-MO
  currency_code: USD
  product_id: PY-STREAM-005
  unit_price: 59.99
  quantity: 5
  is_online: false
  customer_id: CUST-4295
  is_new_customer: false
  device_type: desktop
  payment_method: paypal
  referral_source: organic
  discount_code: 
  customer_note: For my study group
}
2026-05-21 16:11:59 | INFO | P02 |   Sending message with key=US-MO
2026-05-21 16:11:59 | INFO | P02 |   MESSAGE SENT  sent=14
2026-05-21 16:12:01 | INFO | P02 | {
  order_id: 80e9a9ea-9add-4d51-981a-d26aaacd4dc9
  datetime: 2026-05-04T10:30:00Z
  region_id: US-MO
  currency_code: USD
  product_id: PY-DATA-002
  unit_price: 49.99
  quantity: 1
  is_online: true
  customer_id: CUST-8953
  is_new_customer: false
  device_type: desktop
  payment_method: credit_card
  referral_source: social
  discount_code: 
  customer_note: For my study group
}
2026-05-21 16:12:01 | INFO | P02 |   Sending message with key=US-MO
2026-05-21 16:12:01 | INFO | P02 |   MESSAGE SENT  sent=15
2026-05-21 16:12:03 | INFO | P02 | {
  order_id: 68920c43-44f0-4e51-bd21-7904c9427810
  datetime: 2026-05-04T10:43:00Z
  region_id: CA-ON
  currency_code: CAD
  product_id: PY-INTRO-001
  unit_price: 29.99
  quantity: 1
  is_online: true
  customer_id: CUST-1488
  is_new_customer: true
  device_type: mobile
  payment_method: apple_pay
  referral_source: organic
  discount_code: 
  customer_note: 
}
2026-05-21 16:12:03 | INFO | P02 |   Sending message with key=CA-ON
2026-05-21 16:12:03 | INFO | P02 |   MESSAGE SENT  sent=16
2026-05-21 16:12:05 | INFO | P02 | {
  order_id: d22acb5c-8fa2-437a-be68-16a3407c5919
  datetime: 2026-05-04T10:43:00Z
  region_id: US-MO
  currency_code: USD
  product_id: PY-SQL-004
  unit_price: 44.99
  quantity: 1
  is_online: true
  customer_id: CUST-1319
  is_new_customer: false
  device_type: desktop
  payment_method: credit_card
  referral_source: social
  discount_code: 
  customer_note: Recommended by a colleague
}
2026-05-21 16:12:05 | INFO | P02 |   Sending message with key=US-MO
2026-05-21 16:12:05 | INFO | P02 |   MESSAGE SENT  sent=17
2026-05-21 16:12:07 | INFO | P02 | {
  order_id: 89715d88-8d25-4fee-9179-438fe49ebd60
  datetime: 2026-05-04T11:00:00Z
  region_id: US-TX
  currency_code: USD
  product_id: PY-INTRO-001
  unit_price: 29.99
  quantity: 1
  is_online: true
  customer_id: CUST-6977
  is_new_customer: false
  device_type: desktop
  payment_method: credit_card
  referral_source: email
  discount_code: 
  customer_note: For my study group
}
2026-05-21 16:12:07 | INFO | P02 |   Sending message with key=US-TX
2026-05-21 16:12:07 | INFO | P02 |   MESSAGE SENT  sent=18
2026-05-21 16:12:09 | INFO | P02 | {
  order_id: 733e6b9b-c9e7-49ef-82d8-b976d0df90cc
  datetime: 2026-05-04T11:06:00Z
  region_id: MX-CMX
  currency_code: MXN
  product_id: PY-INTRO-001
  unit_price: 29.99
  quantity: 1
  is_online: true
  customer_id: CUST-9099
  is_new_customer: false
  device_type: desktop
  payment_method: paypal
  referral_source: paid_search
  discount_code: 
  customer_note: Learning at my own pace
}
2026-05-21 16:12:09 | INFO | P02 |   Sending message with key=MX-CMX
2026-05-21 16:12:09 | INFO | P02 |   MESSAGE SENT  sent=19
2026-05-21 16:12:11 | INFO | P02 | {
  order_id: 267b5686-afa9-4ce6-bf68-4b861afa6a29
  datetime: 2026-05-04T11:10:00Z
  region_id: US-MO
  currency_code: USD
  product_id: PY-NLP-006
  unit_price: 54.99
  quantity: 5
  is_online: true
  customer_id: CUST-4878
  is_new_customer: true
  device_type: mobile
  payment_method: apple_pay
  referral_source: email
  discount_code: 
  customer_note: Learning at my own pace
}
2026-05-21 16:12:11 | INFO | P02 |   Sending message with key=US-MO
2026-05-21 16:12:11 | INFO | P02 |   MESSAGE SENT  sent=20
2026-05-21 16:12:14 | INFO | P02 | ========================
2026-05-21 16:12:14 | INFO | P02 | SECTION E. Exit
2026-05-21 16:12:14 | INFO | P02 | ========================
2026-05-21 16:12:14 | INFO | P02 | Summary:
2026-05-21 16:12:14 | INFO | P02 | Sent 20 message(s) to topic 'streaming-02-kafka-case'.
2026-05-21 16:12:14 | INFO | P02 | PayPal payment_method count: 9
2026-05-21 16:12:14 | INFO | P02 | ========================
2026-05-21 16:12:14 | INFO | P02 | Producer executed successfully!
2026-05-21 16:12:14 | INFO | P02 | ========================
2026-05-21 16:17:09 | DEBUG | C02 | KAFKA_BOOTSTRAP_SERVERS           = localhost:9092
2026-05-21 16:17:09 | DEBUG | C02 | KAFKA_BROKER_ADDRESS_FAMILY       = v6
2026-05-21 16:17:09 | DEBUG | C02 | KAFKA_TOPIC                       = streaming-02-kafka-case
2026-05-21 16:17:09 | DEBUG | C02 | KAFKA_CLEAR_TOPIC_ON_START        = true
2026-05-21 16:17:09 | DEBUG | C02 | PRODUCER_MESSAGE_COUNT            = 20
2026-05-21 16:17:09 | DEBUG | C02 | PRODUCER_MESSAGE_INTERVAL_SECONDS = 2
2026-05-21 16:17:09 | DEBUG | C02 | PRODUCER_MAX_MESSAGES             = 50
2026-05-21 16:17:09 | DEBUG | C02 | PRODUCER_POLL_INTERVAL_SECONDS    = 15
2026-05-21 16:17:09 | DEBUG | C02 | KAFKA_GROUP_ID                    = streaming-consumer-group-A
2026-05-21 16:17:09 | DEBUG | C02 | KAFKA_AUTO_OFFSET_RESET           = earliest
2026-05-21 16:17:09 | DEBUG | C02 | CONSUMER_TIMEOUT_SECONDS          = 10
2026-05-21 16:17:09 | DEBUG | C02 | CONSUMER_MAX_MESSAGES             = 1000
2026-05-21 16:17:09 | INFO | C02 | === RUN START ===
2026-05-21 16:17:09 | INFO | C02 | project=C02
2026-05-21 16:17:09 | INFO | C02 | repo_dir=streaming-02-kafka
2026-05-21 16:17:09 | INFO | C02 | python=3.14.2
2026-05-21 16:17:09 | INFO | C02 | os=Windows 11
2026-05-21 16:17:09 | INFO | C02 | shell=powershell
2026-05-21 16:17:09 | INFO | C02 | cwd=.
2026-05-21 16:17:09 | INFO | C02 | github_actions=False
2026-05-21 16:17:09 | INFO | C02 | ========================
2026-05-21 16:17:09 | INFO | C02 | START consumer main()
2026-05-21 16:17:09 | INFO | C02 | ========================
2026-05-21 16:17:09 | INFO | C02 | ROOT_DIR = .
2026-05-21 16:17:09 | INFO | C02 | DATA_DIR = data
2026-05-21 16:17:09 | INFO | C02 | OUTPUT_CSV = data\output\consumed_dawson_sales.csv
2026-05-21 16:17:09 | INFO | C02 | ========================
2026-05-21 16:17:09 | INFO | C02 | SECTION A. Acquire
2026-05-21 16:17:09 | INFO | C02 | ========================
2026-05-21 16:17:09 | INFO | C02 | Loading settings from .env...
2026-05-21 16:17:09 | INFO | C02 | KAFKA_BOOTSTRAP_SERVERS  = localhost:9092
2026-05-21 16:17:09 | INFO | C02 | KAFKA_TOPIC              = streaming-02-kafka-case
2026-05-21 16:17:09 | INFO | C02 | KAFKA_GROUP_ID           = streaming-consumer-group-A
2026-05-21 16:17:09 | INFO | C02 | CONSUMER_TIMEOUT_SECONDS = 10.0
2026-05-21 16:17:09 | INFO | C02 | CONSUMER_MAX_MESSAGES    = 1000
2026-05-21 16:17:09 | INFO | C02 | Verifying Kafka connection...
2026-05-21 16:17:09 | INFO | C02 | Kafka port is reachable.
2026-05-21 16:17:09 | INFO | C02 | Verifying Kafka topic...
2026-05-21 16:17:09 | INFO | C02 | Topic 'streaming-02-kafka-case' exists.
2026-05-21 16:17:09 | INFO | C02 | Found 20 message(s) available.
2026-05-21 16:17:09 | INFO | C02 | Creating Kafka consumer...
2026-05-21 16:17:09 | INFO | C02 | Subscribed to topic: 'streaming-02-kafka-case' (reading from beginning)
2026-05-21 16:17:09 | INFO | C02 | ========================
2026-05-21 16:17:09 | INFO | C02 | SECTION C. Consume and Process Messages
2026-05-21 16:17:09 | INFO | C02 | ========================
2026-05-21 16:17:09 | INFO | C02 | Initializing output...
2026-05-21 16:17:09 | INFO | C02 | Output CSV cleared: consumed_dawson_sales.csv
2026-05-21 16:17:09 | INFO | C02 | Consuming messages...
2026-05-21 16:17:09 | INFO | C02 | Waiting for up to 1000 message(s).
2026-05-21 16:17:09 | INFO | C02 | Press CTRL+C to stop early.

2026-05-21 16:17:12 | INFO | C02 | {'currency_code': 'USD', 'customer_id': 'CUST-4150', 'customer_note': 'Gift for my team', 'datetime': '2026-05-04T08:11:00Z', 'device_type': 'tablet', 'discount_code': '', 'is_new_customer': 'false', 'is_online': 'true', 'order_id': 'e7324981-a9f0-419f-b708-d0a333451fff', 'payment_method': 'paypal', 'product_id': 'PY-STREAM-005', 'quantity': '3', 'referral_source': 'paid_search', 'region_id': 'US-TX', 'unit_price': '59.99', '_kafka_key': 'US-TX', '_kafka_partition': 0, '_kafka_offset': 0}
2026-05-21 16:17:12 | INFO | C02 | Processing raw message.
2026-05-21 16:17:12 | INFO | C02 | MESSAGE CONSUMED
2026-05-21 16:17:12 | INFO | C02 | consumed=1
2026-05-21 16:17:12 | INFO | C02 | {'currency_code': 'USD', 'customer_id': 'CUST-1106', 'customer_note': 'Gift for my team', 'datetime': '2026-05-04T08:23:00Z', 'device_type': 'mobile', 'discount_code': '', 'is_new_customer': 'false', 'is_online': 'true', 'order_id': 'd61943e0-f543-4b5f-9c9a-18605ea4cfe5', 'payment_method': 'paypal', 'product_id': 'PY-DATA-002', 'quantity': '1', 'referral_source': 'paid_search', 'region_id': 'US-TX', 'unit_price': '49.99', '_kafka_key': 'US-TX', '_kafka_partition': 0, '_kafka_offset': 1}
2026-05-21 16:17:12 | INFO | C02 | Processing raw message.
2026-05-21 16:17:12 | INFO | C02 | MESSAGE CONSUMED
2026-05-21 16:17:12 | INFO | C02 | consumed=2
2026-05-21 16:17:12 | INFO | C02 | {'currency_code': 'CAD', 'customer_id': 'CUST-2133', 'customer_note': 'Learning at my own pace', 'datetime': '2026-05-04T08:28:00Z', 'device_type': 'desktop', 'discount_code': '', 'is_new_customer': 'false', 'is_online': 'true', 'order_id': '14da1915-8e74-47be-9e10-f7275d31af46', 'payment_method': 'paypal', 'product_id': 'PY-NLP-006', 'quantity': '1', 'referral_source': 'organic', 'region_id': 'CA-QC', 'unit_price': '54.99', '_kafka_key': 'CA-QC', '_kafka_partition': 0, '_kafka_offset': 2}
2026-05-21 16:17:12 | INFO | C02 | Processing raw message.
2026-05-21 16:17:12 | INFO | C02 | MESSAGE CONSUMED
2026-05-21 16:17:12 | INFO | C02 | consumed=3
2026-05-21 16:17:12 | INFO | C02 | {'currency_code': 'USD', 'customer_id': 'CUST-5333', 'customer_note': 'Highly recommend', 'datetime': '2026-05-04T08:40:00Z', 'device_type': 'mobile', 'discount_code': '', 'is_new_customer': 'false', 'is_online': 'true', 'order_id': 'd77ed935-9b28-431d-bc25-0a3fd98f4154', 'payment_method': 'paypal', 'product_id': 'PY-STREAM-005', 'quantity': '1', 'referral_source': 'organic', 'region_id': 'US-CA', 'unit_price': '59.99', '_kafka_key': 'US-CA', '_kafka_partition': 0, '_kafka_offset': 3}
2026-05-21 16:17:12 | INFO | C02 | Processing raw message.
2026-05-21 16:17:12 | INFO | C02 | MESSAGE CONSUMED
2026-05-21 16:17:12 | INFO | C02 | consumed=4
2026-05-21 16:17:12 | INFO | C02 | {'currency_code': 'USD', 'customer_id': 'CUST-8573', 'customer_note': 'Learning at my own pace', 'datetime': '2026-05-04T08:41:00Z', 'device_type': 'mobile', 'discount_code': '', 'is_new_customer': 'false', 'is_online': 'true', 'order_id': '24b91995-25f8-4ad7-8fa6-2e4c15750e5e', 'payment_method': 'apple_pay', 'product_id': 'PY-VIZ-003', 'quantity': '1', 'referral_source': 'paid_search', 'region_id': 'US-MO', 'unit_price': '39.99', '_kafka_key': 'US-MO', '_kafka_partition': 0, '_kafka_offset': 4}
2026-05-21 16:17:12 | INFO | C02 | Processing raw message.
2026-05-21 16:17:12 | INFO | C02 | MESSAGE CONSUMED
2026-05-21 16:17:12 | INFO | C02 | consumed=5
2026-05-21 16:17:12 | INFO | C02 | {'currency_code': 'CAD', 'customer_id': 'CUST-8062', 'customer_note': '', 'datetime': '2026-05-04T08:54:00Z', 'device_type': 'tablet', 'discount_code': '', 'is_new_customer': 'false', 'is_online': 'true', 'order_id': '1ec0fc8b-998c-4f43-8a66-19e1fa7d5fa8', 'payment_method': 'paypal', 'product_id': 'PY-SQL-004', 'quantity': '1', 'referral_source': 'organic', 'region_id': 'CA-ON', 'unit_price': '44.99', '_kafka_key': 'CA-ON', '_kafka_partition': 0, '_kafka_offset': 5}
2026-05-21 16:17:12 | INFO | C02 | Processing raw message.
2026-05-21 16:17:12 | INFO | C02 | MESSAGE CONSUMED
2026-05-21 16:17:12 | INFO | C02 | consumed=6
2026-05-21 16:17:12 | INFO | C02 | {'currency_code': 'CAD', 'customer_id': 'CUST-9348', 'customer_note': 'For my study group', 'datetime': '2026-05-04T09:07:00Z', 'device_type': 'desktop', 'discount_code': '', 'is_new_customer': 'false', 'is_online': 'false', 'order_id': '392dd49b-b385-499c-9b4a-a38387fa39ae', 'payment_method': 'credit_card', 'product_id': 'PY-INTRO-001', 'quantity': '1', 'referral_source': 'paid_search', 'region_id': 'CA-ON', 'unit_price': '29.99', '_kafka_key': 'CA-ON', '_kafka_partition': 0, '_kafka_offset': 6}
2026-05-21 16:17:12 | INFO | C02 | Processing raw message.
2026-05-21 16:17:12 | INFO | C02 | MESSAGE CONSUMED
2026-05-21 16:17:12 | INFO | C02 | consumed=7
2026-05-21 16:17:12 | INFO | C02 | {'currency_code': 'USD', 'customer_id': 'CUST-5889', 'customer_note': '', 'datetime': '2026-05-04T09:15:00Z', 'device_type': 'tablet', 'discount_code': '', 'is_new_customer': 'false', 'is_online': 'true', 'order_id': '02782ab7-dd7d-4ebe-8abc-ef81cdc4193b', 'payment_method': 'paypal', 'product_id': 'PY-VIZ-003', 'quantity': '1', 'referral_source': 'organic', 'region_id': 'US-CA', 'unit_price': '39.99', '_kafka_key': 'US-CA', '_kafka_partition': 0, '_kafka_offset': 7}
2026-05-21 16:17:12 | INFO | C02 | Processing raw message.
2026-05-21 16:17:12 | INFO | C02 | MESSAGE CONSUMED
2026-05-21 16:17:12 | INFO | C02 | consumed=8
2026-05-21 16:17:12 | INFO | C02 | {'currency_code': 'CAD', 'customer_id': 'CUST-4770', 'customer_note': 'Excellent content', 'datetime': '2026-05-04T09:19:00Z', 'device_type': 'desktop', 'discount_code': '', 'is_new_customer': 'false', 'is_online': 'true', 'order_id': '67bd3492-cc96-429a-9a91-1b4d2132d261', 'payment_method': 'credit_card', 'product_id': 'PY-VIZ-003', 'quantity': '1', 'referral_source': 'paid_search', 'region_id': 'CA-ON', 'unit_price': '39.99', '_kafka_key': 'CA-ON', '_kafka_partition': 0, '_kafka_offset': 8}
2026-05-21 16:17:12 | INFO | C02 | Processing raw message.
2026-05-21 16:17:12 | INFO | C02 | MESSAGE CONSUMED
2026-05-21 16:17:12 | INFO | C02 | consumed=9
2026-05-21 16:17:12 | INFO | C02 | {'currency_code': 'MXN', 'customer_id': 'CUST-6168', 'customer_note': '', 'datetime': '2026-05-04T09:37:00Z', 'device_type': 'desktop', 'discount_code': '', 'is_new_customer': 'false', 'is_online': 'true', 'order_id': '0a021628-6937-4876-8875-b00c07a39e0f', 'payment_method': 'paypal', 'product_id': 'PY-DATA-002', 'quantity': '1', 'referral_source': 'organic', 'region_id': 'MX-CMX', 'unit_price': '49.99', '_kafka_key': 'MX-CMX', '_kafka_partition': 0, '_kafka_offset': 9}
2026-05-21 16:17:12 | INFO | C02 | Processing raw message.
2026-05-21 16:17:12 | INFO | C02 | MESSAGE CONSUMED
2026-05-21 16:17:12 | INFO | C02 | consumed=10
2026-05-21 16:17:12 | INFO | C02 | {'currency_code': 'USD', 'customer_id': 'CUST-3340', 'customer_note': 'Recommended by a colleague', 'datetime': '2026-05-04T09:42:00Z', 'device_type': 'tablet', 'discount_code': '', 'is_new_customer': 'false', 'is_online': 'true', 'order_id': 'b05fc600-a5fc-4826-934c-cc1f188b0715', 'payment_method': 'credit_card', 'product_id': 'PY-DATA-002', 'quantity': '3', 'referral_source': 'organic', 'region_id': 'US-MO', 'unit_price': '49.99', '_kafka_key': 'US-MO', '_kafka_partition': 0, '_kafka_offset': 10}
2026-05-21 16:17:12 | INFO | C02 | Processing raw message.
2026-05-21 16:17:12 | INFO | C02 | MESSAGE CONSUMED
2026-05-21 16:17:12 | INFO | C02 | consumed=11
2026-05-21 16:17:12 | INFO | C02 | {'currency_code': 'USD', 'customer_id': 'CUST-8668', 'customer_note': '', 'datetime': '2026-05-04T10:06:00Z', 'device_type': 'mobile', 'discount_code': '', 'is_new_customer': 'false', 'is_online': 'true', 'order_id': '03d437fb-6966-47ad-a67a-728630c8b3f8', 'payment_method': 'apple_pay', 'product_id': 'PY-INTRO-001', 'quantity': '1', 'referral_source': 'email', 'region_id': 'US-MO', 'unit_price': '29.99', '_kafka_key': 'US-MO', '_kafka_partition': 0, '_kafka_offset': 11}
2026-05-21 16:17:12 | INFO | C02 | Processing raw message.
2026-05-21 16:17:12 | INFO | C02 | MESSAGE CONSUMED
2026-05-21 16:17:12 | INFO | C02 | consumed=12
2026-05-21 16:17:12 | INFO | C02 | {'currency_code': 'USD', 'customer_id': 'CUST-2827', 'customer_note': 'Learning at my own pace', 'datetime': '2026-05-04T10:15:00Z', 'device_type': 'tablet', 'discount_code': '', 'is_new_customer': 'false', 'is_online': 'true', 'order_id': '6914aea4-448f-4dc1-b68f-0fe4a2c06188', 'payment_method': 'credit_card', 'product_id': 'PY-DATA-002', 'quantity': '1', 'referral_source': 'organic', 'region_id': 'US-TX', 'unit_price': '49.99', '_kafka_key': 'US-TX', '_kafka_partition': 0, '_kafka_offset': 12}
2026-05-21 16:17:12 | INFO | C02 | Processing raw message.
2026-05-21 16:17:12 | INFO | C02 | MESSAGE CONSUMED
2026-05-21 16:17:12 | INFO | C02 | consumed=13
2026-05-21 16:17:12 | INFO | C02 | {'currency_code': 'USD', 'customer_id': 'CUST-4295', 'customer_note': 'For my study group', 'datetime': '2026-05-04T10:16:00Z', 'device_type': 'desktop', 'discount_code': '', 'is_new_customer': 'false', 'is_online': 'false', 'order_id': 'e1adb233-3aa8-4d60-9684-1ddf52e9d656', 'payment_method': 'paypal', 'product_id': 'PY-STREAM-005', 'quantity': '5', 'referral_source': 'organic', 'region_id': 'US-MO', 'unit_price': '59.99', '_kafka_key': 'US-MO', '_kafka_partition': 0, '_kafka_offset': 13}
2026-05-21 16:17:12 | INFO | C02 | Processing raw message.
2026-05-21 16:17:12 | INFO | C02 | MESSAGE CONSUMED
2026-05-21 16:17:12 | INFO | C02 | consumed=14
2026-05-21 16:17:12 | INFO | C02 | {'currency_code': 'USD', 'customer_id': 'CUST-8953', 'customer_note': 'For my study group', 'datetime': '2026-05-04T10:30:00Z', 'device_type': 'desktop', 'discount_code': '', 'is_new_customer': 'false', 'is_online': 'true', 'order_id': '80e9a9ea-9add-4d51-981a-d26aaacd4dc9', 'payment_method': 'credit_card', 'product_id': 'PY-DATA-002', 'quantity': '1', 'referral_source': 'social', 'region_id': 'US-MO', 'unit_price': '49.99', '_kafka_key': 'US-MO', '_kafka_partition': 0, '_kafka_offset': 14}
2026-05-21 16:17:12 | INFO | C02 | Processing raw message.
2026-05-21 16:17:12 | INFO | C02 | MESSAGE CONSUMED
2026-05-21 16:17:12 | INFO | C02 | consumed=15
2026-05-21 16:17:12 | INFO | C02 | {'currency_code': 'CAD', 'customer_id': 'CUST-1488', 'customer_note': '', 'datetime': '2026-05-04T10:43:00Z', 'device_type': 'mobile', 'discount_code': '', 'is_new_customer': 'true', 'is_online': 'true', 'order_id': '68920c43-44f0-4e51-bd21-7904c9427810', 'payment_method': 'apple_pay', 'product_id': 'PY-INTRO-001', 'quantity': '1', 'referral_source': 'organic', 'region_id': 'CA-ON', 'unit_price': '29.99', '_kafka_key': 'CA-ON', '_kafka_partition': 0, '_kafka_offset': 15}
2026-05-21 16:17:12 | INFO | C02 | Processing raw message.
2026-05-21 16:17:12 | INFO | C02 | MESSAGE CONSUMED
2026-05-21 16:17:12 | INFO | C02 | consumed=16
2026-05-21 16:17:12 | INFO | C02 | {'currency_code': 'USD', 'customer_id': 'CUST-1319', 'customer_note': 'Recommended by a colleague', 'datetime': '2026-05-04T10:43:00Z', 'device_type': 'desktop', 'discount_code': '', 'is_new_customer': 'false', 'is_online': 'true', 'order_id': 'd22acb5c-8fa2-437a-be68-16a3407c5919', 'payment_method': 'credit_card', 'product_id': 'PY-SQL-004', 'quantity': '1', 'referral_source': 'social', 'region_id': 'US-MO', 'unit_price': '44.99', '_kafka_key': 'US-MO', '_kafka_partition': 0, '_kafka_offset': 16}
2026-05-21 16:17:12 | INFO | C02 | Processing raw message.
2026-05-21 16:17:12 | INFO | C02 | MESSAGE CONSUMED
2026-05-21 16:17:12 | INFO | C02 | consumed=17
2026-05-21 16:17:12 | INFO | C02 | {'currency_code': 'USD', 'customer_id': 'CUST-6977', 'customer_note': 'For my study group', 'datetime': '2026-05-04T11:00:00Z', 'device_type': 'desktop', 'discount_code': '', 'is_new_customer': 'false', 'is_online': 'true', 'order_id': '89715d88-8d25-4fee-9179-438fe49ebd60', 'payment_method': 'credit_card', 'product_id': 'PY-INTRO-001', 'quantity': '1', 'referral_source': 'email', 'region_id': 'US-TX', 'unit_price': '29.99', '_kafka_key': 'US-TX', '_kafka_partition': 0, '_kafka_offset': 17}
2026-05-21 16:17:12 | INFO | C02 | Processing raw message.
2026-05-21 16:17:12 | INFO | C02 | MESSAGE CONSUMED
2026-05-21 16:17:12 | INFO | C02 | consumed=18
2026-05-21 16:17:12 | INFO | C02 | {'currency_code': 'MXN', 'customer_id': 'CUST-9099', 'customer_note': 'Learning at my own pace', 'datetime': '2026-05-04T11:06:00Z', 'device_type': 'desktop', 'discount_code': '', 'is_new_customer': 'false', 'is_online': 'true', 'order_id': '733e6b9b-c9e7-49ef-82d8-b976d0df90cc', 'payment_method': 'paypal', 'product_id': 'PY-INTRO-001', 'quantity': '1', 'referral_source': 'paid_search', 'region_id': 'MX-CMX', 'unit_price': '29.99', '_kafka_key': 'MX-CMX', '_kafka_partition': 0, '_kafka_offset': 18}
2026-05-21 16:17:12 | INFO | C02 | Processing raw message.
2026-05-21 16:17:12 | INFO | C02 | MESSAGE CONSUMED
2026-05-21 16:17:12 | INFO | C02 | consumed=19
2026-05-21 16:17:12 | INFO | C02 | {'currency_code': 'USD', 'customer_id': 'CUST-4878', 'customer_note': 'Learning at my own pace', 'datetime': '2026-05-04T11:10:00Z', 'device_type': 'mobile', 'discount_code': '', 'is_new_customer': 'true', 'is_online': 'true', 'order_id': '267b5686-afa9-4ce6-bf68-4b861afa6a29', 'payment_method': 'apple_pay', 'product_id': 'PY-NLP-006', 'quantity': '5', 'referral_source': 'email', 'region_id': 'US-MO', 'unit_price': '54.99', '_kafka_key': 'US-MO', '_kafka_partition': 0, '_kafka_offset': 19}
2026-05-21 16:17:12 | INFO | C02 | Processing raw message.
2026-05-21 16:17:12 | INFO | C02 | MESSAGE CONSUMED
2026-05-21 16:17:12 | INFO | C02 | consumed=20
2026-05-21 16:17:23 | INFO | C02 | No message received within 10.0s timeout.
2026-05-21 16:17:23 | INFO | C02 | Producer finished or paused. Stopping consumer.
2026-05-21 16:17:23 | INFO | C02 | Kafka consumer closed.
2026-05-21 16:17:23 | INFO | C02 | ========================
2026-05-21 16:17:23 | INFO | C02 | SECTION E. Exit
2026-05-21 16:17:23 | INFO | C02 | ========================
2026-05-21 16:17:23 | INFO | C02 | Summary:
2026-05-21 16:17:23 | INFO | C02 | Consumed 20 message(s) from topic 'streaming-02-kafka-case'.
2026-05-21 16:17:23 | INFO | C02 | PayPal payment_method count: 9
2026-05-21 16:17:23 | INFO | C02 | OUTPUT_CSV = data\output\consumed_dawson_sales.csv
2026-05-21 16:17:23 | INFO | C02 | ========================
2026-05-21 16:17:23 | INFO | C02 | Consumer executed successfully!
2026-05-21 16:17:23 | INFO | C02 | ========================
2026-05-21 16:32:59 | DEBUG | C02 | KAFKA_BOOTSTRAP_SERVERS           = localhost:9092
2026-05-21 16:32:59 | DEBUG | C02 | KAFKA_BROKER_ADDRESS_FAMILY       = v6
2026-05-21 16:32:59 | DEBUG | C02 | KAFKA_TOPIC                       = streaming-02-kafka-case
2026-05-21 16:32:59 | DEBUG | C02 | KAFKA_CLEAR_TOPIC_ON_START        = true
2026-05-21 16:32:59 | DEBUG | C02 | PRODUCER_MESSAGE_COUNT            = 20
2026-05-21 16:32:59 | DEBUG | C02 | PRODUCER_MESSAGE_INTERVAL_SECONDS = 2
2026-05-21 16:32:59 | DEBUG | C02 | PRODUCER_MAX_MESSAGES             = 50
2026-05-21 16:32:59 | DEBUG | C02 | PRODUCER_POLL_INTERVAL_SECONDS    = 15
2026-05-21 16:32:59 | DEBUG | C02 | KAFKA_GROUP_ID                    = streaming-consumer-group-A
2026-05-21 16:32:59 | DEBUG | C02 | KAFKA_AUTO_OFFSET_RESET           = earliest
2026-05-21 16:32:59 | DEBUG | C02 | CONSUMER_TIMEOUT_SECONDS          = 10
2026-05-21 16:32:59 | DEBUG | C02 | CONSUMER_MAX_MESSAGES             = 1000
2026-05-21 16:32:59 | DEBUG | P02 | KAFKA_BOOTSTRAP_SERVERS           = localhost:9092
2026-05-21 16:32:59 | DEBUG | P02 | KAFKA_BROKER_ADDRESS_FAMILY       = v6
2026-05-21 16:32:59 | DEBUG | P02 | KAFKA_TOPIC                       = streaming-02-kafka-case
2026-05-21 16:32:59 | DEBUG | P02 | KAFKA_CLEAR_TOPIC_ON_START        = true
2026-05-21 16:32:59 | DEBUG | P02 | PRODUCER_MESSAGE_COUNT            = 20
2026-05-21 16:32:59 | DEBUG | P02 | PRODUCER_MESSAGE_INTERVAL_SECONDS = 2
2026-05-21 16:32:59 | DEBUG | P02 | PRODUCER_MAX_MESSAGES             = 50
2026-05-21 16:32:59 | DEBUG | P02 | PRODUCER_POLL_INTERVAL_SECONDS    = 15
2026-05-21 16:32:59 | DEBUG | P02 | KAFKA_GROUP_ID                    = streaming-consumer-group-A
2026-05-21 16:32:59 | DEBUG | P02 | KAFKA_AUTO_OFFSET_RESET           = earliest
2026-05-21 16:32:59 | DEBUG | P02 | CONSUMER_TIMEOUT_SECONDS          = 10
2026-05-21 16:32:59 | DEBUG | P02 | CONSUMER_MAX_MESSAGES             = 1000
2026-05-21 16:32:59 | INFO | C02 | Processing raw message.
